 CAN_IXXAT_VCI

 Timestamp is 5344fc31 (Wed Apr 09 09:52:17 2014)

 Preferred load address is 10000000

 Start         Length     Name                   Class
 0001:00000000 0000f75aH .text                   CODE
 0001:0000f760 00000c5cH .text$x                 CODE
 0001:000103c0 00000938H .text$yc                CODE
 0001:00010d00 00000122H .text$yd                CODE
 0002:00000000 00000428H .idata$5                DATA
 0002:00000428 00000004H .CRT$XCA                DATA
 0002:0000042c 00000004H .CRT$XCL                DATA
 0002:00000430 00000074H .CRT$XCU                DATA
 0002:000004a4 00000004H .CRT$XCZ                DATA
 0002:000004a8 00000004H .CRT$XIA                DATA
 0002:000004ac 00000004H .CRT$XIAA               DATA
 0002:000004b0 00000004H .CRT$XIC                DATA
 0002:000004b4 00000004H .CRT$XIZ                DATA
 0002:000004c0 00001a08H .rdata                  DATA
 0002:00001ec8 000000a0H .rdata$debug            DATA
 0002:00001f68 000008c5H .rdata$r                DATA
 0002:00002830 000000bcH .rdata$sxdata           DATA
 0002:000028ec 00000004H .rtc$IAA                DATA
 0002:000028f0 00000004H .rtc$IZZ                DATA
 0002:000028f4 00000004H .rtc$TAA                DATA
 0002:000028f8 00000004H .rtc$TZZ                DATA
 0002:00002900 00000e34H .xdata$x                DATA
 0002:00003734 0000008cH .idata$2                DATA
 0002:000037c0 00000014H .idata$3                DATA
 0002:000037d4 00000428H .idata$4                DATA
 0002:00003bfc 0000108aH .idata$6                DATA
 0002:00004c90 0000005bH .edata                  DATA
 0003:00000000 000004a0H .data                   DATA
 0003:000004a0 00001cf8H .bss                    DATA
 0004:00000000 00000190H .rsrc$01                DATA
 0004:00000190 00000f70H .rsrc$02                DATA

  Address         Publics by Value              Rva+Base       Lib:Object

 0000:0000002f       ___safe_se_handler_count   0000002f     <absolute>
 0000:00000000       ___ImageBase               10000000     <linker-defined>
 0001:00000000       ??$destroy@PAU?$_Tree_node@U?$pair@$$CBHPAUtagHardwareContainer@CHardwareListing@@@std@@PAX@std@@@?$allocator@U?$_Tree_node@U?$pair@$$CBHPAUtagHardwareContainer@CHardwareListing@@@std@@PAX@std@@@std@@QAEXPAPAU?$_Tree_node@U?$pair@$$CBHPAUtagHardwareContainer@CHardwareListing@@@std@@PAX@1@@Z 10001000 f i DIL_CAN_IXXAT_VCI.obj
 0001:00000000       ?DoDataExchange@CWnd@@MAEXPAVCDataExchange@@@Z 10001000 f i CANControllerConfigDlg.obj
 0001:00000000       ?Serialize@CObject@@UAEXAAVCArchive@@@Z 10001000 f i CAN_IXXAT_VCI.obj
 0001:00000000       ?_Compat@?$_Vector_const_iterator@V?$_Vector_val@U?$_Simple_types@PAV?$CBaseMsgBufFSE@UsTCANDATA@@@@@std@@@std@@@std@@QBEXABV12@@Z 10001000 f i ClientBuffer.obj
 0001:00000000       ??$destroy@U?$pair@$$CBHPAUtagHardwareContainer@CHardwareListing@@@std@@@?$allocator@U?$_Tree_node@U?$pair@$$CBHPAUtagHardwareContainer@CHardwareListing@@@std@@PAX@std@@@std@@QAEXPAU?$pair@$$CBHPAUtagHardwareContainer@CHardwareListing@@@1@@Z 10001000 f i DIL_CAN_IXXAT_VCI.obj
 0001:00000000       ?_Compat@?$_String_const_iterator@V?$_String_val@U?$_Simple_types@D@std@@@std@@@std@@QBEXABV12@@Z 10001000 f i DIL_CAN_IXXAT_VCI.obj
 0001:00000000       ??$destroy@U?$pair@$$CBKPAVCClientBuffer@@@std@@@?$allocator@U?$_Tree_node@U?$pair@$$CBKPAVCClientBuffer@@@std@@PAX@std@@@std@@QAEXPAU?$pair@$$CBKPAVCClientBuffer@@@1@@Z 10001000 f i ClientList.obj
 0001:00000000       ?_Change_alloc@?$_String_alloc@$0A@U?$_String_base_types@DV?$allocator@D@std@@@std@@@std@@QAEXABU?$_Wrap_alloc@V?$allocator@D@std@@@2@@Z 10001000 f i CANControllerConfigDlg.obj
 0001:00000000       ?_Adopt@_Iterator_base0@std@@QAEXPBX@Z 10001000 f i ClientBuffer.obj
 0001:00000000       ??$destroy@PAU?$_Tree_node@U?$pair@$$CBKPAVCClientBuffer@@@std@@PAX@std@@@?$allocator@U?$_Tree_node@U?$pair@$$CBKPAVCClientBuffer@@@std@@PAX@std@@@std@@QAEXPAPAU?$_Tree_node@U?$pair@$$CBKPAVCClientBuffer@@@std@@PAX@1@@Z 10001000 f i ClientList.obj
 0001:00000000       ??$destroy@PAD@?$allocator@D@std@@QAEXPAPAD@Z 10001000 f i CAN_IXXAT_VCI.obj
 0001:00000000       ?Dump@CObject@@UBEXAAVCDumpContext@@@Z 10001000 f i CAN_IXXAT_VCI.obj
 0001:00000010       ??3CObject@@SGXPAX@Z       10001010 f i CAN_IXXAT_VCI.obj
 0001:00000030       ?AssertValid@CObject@@UBEXXZ 10001030 f i CAN_IXXAT_VCI.obj
 0001:00000040       ?AfxSetResourceHandle@@YGXPAUHINSTANCE__@@@Z 10001040 f i CAN_IXXAT_VCI.obj
 0001:00000060       ??2@YAPAXIPAX@Z            10001060 f i CAN_IXXAT_VCI.obj
 0001:00000070       ??3@YAXPAX0@Z              10001070 f i CAN_IXXAT_VCI.obj
 0001:00000070       ??$_Destroy_range@U?$_Wrap_alloc@V?$allocator@PAV?$CBaseMsgBufFSE@UsTCANDATA@@@@@std@@@std@@@std@@YAXPAPAV?$CBaseMsgBufFSE@UsTCANDATA@@@@0AAU?$_Wrap_alloc@V?$allocator@PAV?$CBaseMsgBufFSE@UsTCANDATA@@@@@std@@@0@U_Scalar_ptr_iterator_tag@0@@Z 10001070 f i ClientBuffer.obj
 0001:00000070       ?AfxTrace@@YAXPBDZZ        10001070 f i MultiLanguage.obj
 0001:00000080       ?length@?$char_traits@D@std@@SAIPBD@Z 10001080 f i CAN_IXXAT_VCI.obj
 0001:000000d0       ?copy@?$char_traits@D@std@@SAPADPADPBDI@Z 100010d0 f i CAN_IXXAT_VCI.obj
 0001:00000100       ?move@?$char_traits@D@std@@SAPADPADPBDI@Z 10001100 f i CAN_IXXAT_VCI.obj
 0001:00000140       ?assign@?$char_traits@D@std@@SAXAADABD@Z 10001140 f i CAN_IXXAT_VCI.obj
 0001:00000150       ??0error_category@std@@QAE@XZ 10001150 f i CAN_IXXAT_VCI.obj
 0001:00000170       ??1error_category@std@@UAE@XZ 10001170 f i CAN_IXXAT_VCI.obj
 0001:00000190       ??8error_category@std@@QBE_NABV01@@Z 10001190 f i CAN_IXXAT_VCI.obj
 0001:000001c0       ??_Eerror_category@std@@UAEPAXI@Z 100011c0 f i * CIL library *:* CIL module *
 0001:000001c0       ??_Gerror_category@std@@UAEPAXI@Z 100011c0 f i CAN_IXXAT_VCI.obj
 0001:000001f0       ?value@error_condition@std@@QBEHXZ 100011f0 f i CAN_IXXAT_VCI.obj
 0001:000001f0       ??D?$_Vector_const_iterator@V?$_Vector_val@U?$_Simple_types@PAV?$CBaseMsgBufFSE@UsTCANDATA@@@@@std@@@std@@@std@@QBEABQAV?$CBaseMsgBufFSE@UsTCANDATA@@@@XZ 100011f0 f i ClientBuffer.obj
 0001:000001f0       ?_Mynode@?$_Tree_unchecked_const_iterator@V?$_Tree_val@U?$_Tree_simple_types@U?$pair@$$CBKPAVCClientBuffer@@@std@@@std@@@std@@U_Iterator_base0@2@@std@@QBEPAU?$_Tree_node@U?$pair@$$CBKPAVCClientBuffer@@@std@@PAX@2@XZ 100011f0 f i ClientList.obj
 0001:000001f0       ?value@error_code@std@@QBEHXZ 100011f0 f i CAN_IXXAT_VCI.obj
 0001:000001f0       ??BCString@@QBEPBDXZ       100011f0 f i CANControllerConfigDlg.obj
 0001:000001f0       ??D?$_String_const_iterator@V?$_String_val@U?$_Simple_types@D@std@@@std@@@std@@QBEABDXZ 100011f0 f i DIL_CAN_IXXAT_VCI.obj
 0001:000001f0       ?_Mynode@?$_Tree_unchecked_const_iterator@V?$_Tree_val@U?$_Tree_simple_types@U?$pair@$$CBHPAUtagHardwareContainer@CHardwareListing@@@std@@@std@@@std@@U_Iterator_base0@2@@std@@QBEPAU?$_Tree_node@U?$pair@$$CBHPAUtagHardwareContainer@CHardwareListing@@@std@@PAX@2@XZ 100011f0 f i DIL_CAN_IXXAT_VCI.obj
 0001:00000200       ?size@?$_Tree@V?$_Tmap_traits@KPAVCClientBuffer@@U?$less@K@std@@V?$allocator@U?$pair@$$CBKPAVCClientBuffer@@@std@@@3@$0A@@std@@@std@@QBEIXZ 10001200 f i ClientList.obj
 0001:00000200       ?category@error_condition@std@@QBEABVerror_category@2@XZ 10001200 f i CAN_IXXAT_VCI.obj
 0001:00000200       ?category@error_code@std@@QBEABVerror_category@2@XZ 10001200 f i CAN_IXXAT_VCI.obj
 0001:00000200       ?size@?$_Tree@V?$_Tmap_traits@HPAUtagHardwareContainer@CHardwareListing@@U?$less@H@std@@V?$allocator@U?$pair@$$CBHPAUtagHardwareContainer@CHardwareListing@@@std@@@4@$0A@@std@@@std@@QBEIXZ 10001200 f i HardwareListing.obj
 0001:00000220       ??0error_condition@std@@QAE@HABVerror_category@1@@Z 10001220 f i CAN_IXXAT_VCI.obj
 0001:00000250       ??8error_condition@std@@QBE_NABV01@@Z 10001250 f i CAN_IXXAT_VCI.obj
 0001:000002b0       ?default_error_condition@error_category@std@@UBE?AVerror_condition@2@H@Z 100012b0 f i CAN_IXXAT_VCI.obj
 0001:000002d0       ?equivalent@error_category@std@@UBE_NHABVerror_condition@2@@Z 100012d0 f i CAN_IXXAT_VCI.obj
 0001:00000300       ?equivalent@error_category@std@@UBE_NABVerror_code@2@H@Z 10001300 f i CAN_IXXAT_VCI.obj
 0001:00000350       ??0_Generic_error_category@std@@QAE@XZ 10001350 f i CAN_IXXAT_VCI.obj
 0001:00000370       ?name@_Generic_error_category@std@@UBEPBDXZ 10001370 f i CAN_IXXAT_VCI.obj
 0001:00000380       ?message@_Generic_error_category@std@@UBE?AV?$basic_string@DU?$char_traits@D@std@@V?$allocator@D@2@@2@H@Z 10001380 f i CAN_IXXAT_VCI.obj
 0001:000003e0       ??_G_Generic_error_category@std@@UAEPAXI@Z 100013e0 f i CAN_IXXAT_VCI.obj
 0001:000003e0       ??_E_Generic_error_category@std@@UAEPAXI@Z 100013e0 f i * CIL library *:* CIL module *
 0001:00000410       ??1_Generic_error_category@std@@UAE@XZ 10001410 f i CAN_IXXAT_VCI.obj
 0001:00000430       ??0_Iostream_error_category@std@@QAE@XZ 10001430 f i CAN_IXXAT_VCI.obj
 0001:00000450       ?name@_Iostream_error_category@std@@UBEPBDXZ 10001450 f i CAN_IXXAT_VCI.obj
 0001:00000460       ?message@_Iostream_error_category@std@@UBE?AV?$basic_string@DU?$char_traits@D@std@@V?$allocator@D@2@@2@H@Z 10001460 f i CAN_IXXAT_VCI.obj
 0001:000004c0       ??_G_System_error_category@std@@UAEPAXI@Z 100014c0 f i CAN_IXXAT_VCI.obj
 0001:000004c0       ??_E_System_error_category@std@@UAEPAXI@Z 100014c0 f i * CIL library *:* CIL module *
 0001:000004c0       ??_E_Iostream_error_category@std@@UAEPAXI@Z 100014c0 f i * CIL library *:* CIL module *
 0001:000004c0       ??_G_Iostream_error_category@std@@UAEPAXI@Z 100014c0 f i CAN_IXXAT_VCI.obj
 0001:000004f0       ??1_System_error_category@std@@UAE@XZ 100014f0 f i CAN_IXXAT_VCI.obj
 0001:000004f0       ??1_Iostream_error_category@std@@UAE@XZ 100014f0 f i CAN_IXXAT_VCI.obj
 0001:00000510       ??0_System_error_category@std@@QAE@XZ 10001510 f i CAN_IXXAT_VCI.obj
 0001:00000530       ?name@_System_error_category@std@@UBEPBDXZ 10001530 f i CAN_IXXAT_VCI.obj
 0001:00000540       ?message@_System_error_category@std@@UBE?AV?$basic_string@DU?$char_traits@D@std@@V?$allocator@D@2@@2@H@Z 10001540 f i CAN_IXXAT_VCI.obj
 0001:000005a0       ?default_error_condition@_System_error_category@std@@UBE?AVerror_condition@2@H@Z 100015a0 f i CAN_IXXAT_VCI.obj
 0001:000005f0       ?generic_category@std@@YAABVerror_category@1@XZ 100015f0 f i CAN_IXXAT_VCI.obj
 0001:00000600       ?system_category@std@@YAABVerror_category@1@XZ 10001600 f i CAN_IXXAT_VCI.obj
 0001:00000610       ??1CCAN_IXXAT_VCIApp@@UAE@XZ 10001610 f i CAN_IXXAT_VCI.obj
 0001:00000630       ?_GetBaseMessageMap@CCAN_IXXAT_VCIApp@@KGPBUAFX_MSGMAP@@XZ 10001630 f   CAN_IXXAT_VCI.obj
 0001:00000640       ?GetMessageMap@CCAN_IXXAT_VCIApp@@MBEPBUAFX_MSGMAP@@XZ 10001640 f   CAN_IXXAT_VCI.obj
 0001:00000650       ??0CCAN_IXXAT_VCIApp@@QAE@XZ 10001650 f   CAN_IXXAT_VCI.obj
 0001:00000680       ??_GCCAN_IXXAT_VCIApp@@UAEPAXI@Z 10001680 f i CAN_IXXAT_VCI.obj
 0001:00000680       ??_ECCAN_IXXAT_VCIApp@@UAEPAXI@Z 10001680 f i * CIL library *:* CIL module *
 0001:000006b0       ?InitInstance@CCAN_IXXAT_VCIApp@@UAEHXZ 100016b0 f   CAN_IXXAT_VCI.obj
 0001:00000750       ?ExitInstance@CCAN_IXXAT_VCIApp@@UAEHXZ 10001750 f   CAN_IXXAT_VCI.obj
 0001:000007a0       ??_GCDIL_CAN_IXXAT_VCI@@QAEPAXI@Z 100017a0 f i CAN_IXXAT_VCI.obj
 0001:000007d0       _GetIDIL_CAN_Controller    100017d0 f   CAN_IXXAT_VCI.obj
 0001:00000850       ??0?$basic_string@DU?$char_traits@D@std@@V?$allocator@D@2@@std@@QAE@PBD@Z 10001850 f i CAN_IXXAT_VCI.obj
 0001:00000890       ??1?$basic_string@DU?$char_traits@D@std@@V?$allocator@D@2@@std@@QAE@XZ 10001890 f i CAN_IXXAT_VCI.obj
 0001:000008b0       ?assign@?$basic_string@DU?$char_traits@D@std@@V?$allocator@D@2@@std@@QAEAAV12@PBD@Z 100018b0 f i CAN_IXXAT_VCI.obj
 0001:000008e0       ?size@?$basic_string@DU?$char_traits@D@std@@V?$allocator@D@2@@std@@QBEIXZ 100018e0 f i CAN_IXXAT_VCI.obj
 0001:00000900       ?_Tidy@?$basic_string@DU?$char_traits@D@std@@V?$allocator@D@2@@std@@QAEX_NI@Z 10001900 f i CAN_IXXAT_VCI.obj
 0001:000009a0       ??0?$allocator@U?$pair@$$CBKPAVCClientBuffer@@@std@@@std@@QAE@XZ 100019a0 f i ClientList.obj
 0001:000009a0       ??0?$allocator@D@std@@QAE@XZ 100019a0 f i CAN_IXXAT_VCI.obj
 0001:000009a0       ??0?$allocator@PAV?$CBaseMsgBufFSE@UsTCANDATA@@@@@std@@QAE@XZ 100019a0 f i ClientBuffer.obj
 0001:000009a0       ??0?$allocator@U?$_Tree_node@U?$pair@$$CBKPAVCClientBuffer@@@std@@PAX@std@@@std@@QAE@XZ 100019a0 f i ClientList.obj
 0001:000009a0       ??0?$allocator@U?$_Tree_node@U?$pair@$$CBHPAUtagHardwareContainer@CHardwareListing@@@std@@PAX@std@@@std@@QAE@XZ 100019a0 f i DIL_CAN_IXXAT_VCI.obj
 0001:000009a0       ??0?$allocator@U?$pair@$$CBHPAUtagHardwareContainer@CHardwareListing@@@std@@@std@@QAE@XZ 100019a0 f i HardwareListing.obj
 0001:000009b0       ?deallocate@?$allocator@U?$_Tree_node@U?$pair@$$CBKPAVCClientBuffer@@@std@@PAX@std@@@std@@QAEXPAU?$_Tree_node@U?$pair@$$CBKPAVCClientBuffer@@@std@@PAX@2@I@Z 100019b0 f i ClientList.obj
 0001:000009b0       ?deallocate@?$allocator@U?$_Tree_node@U?$pair@$$CBHPAUtagHardwareContainer@CHardwareListing@@@std@@PAX@std@@@std@@QAEXPAU?$_Tree_node@U?$pair@$$CBHPAUtagHardwareContainer@CHardwareListing@@@std@@PAX@2@I@Z 100019b0 f i DIL_CAN_IXXAT_VCI.obj
 0001:000009b0       ?deallocate@?$allocator@PAV?$CBaseMsgBufFSE@UsTCANDATA@@@@@std@@QAEXPAPAV?$CBaseMsgBufFSE@UsTCANDATA@@@@I@Z 100019b0 f i ClientBuffer.obj
 0001:000009b0       ?deallocate@?$allocator@D@std@@QAEXPADI@Z 100019b0 f i CAN_IXXAT_VCI.obj
 0001:000009d0       ?allocate@?$allocator@D@std@@QAEPADI@Z 100019d0 f i CAN_IXXAT_VCI.obj
 0001:000009f0       ??0?$_String_alloc@$0A@U?$_String_base_types@DV?$allocator@D@std@@@std@@@std@@QAE@ABV?$allocator@D@1@@Z 100019f0 f i CAN_IXXAT_VCI.obj
 0001:00000a10       ?_Getal@?$_Tree_alloc@$0A@U?$_Tree_base_types@U?$pair@$$CBKPAVCClientBuffer@@@std@@V?$allocator@U?$pair@$$CBKPAVCClientBuffer@@@std@@@2@@std@@@std@@QBE?AU?$_Wrap_alloc@V?$allocator@U?$_Tree_node@U?$pair@$$CBKPAVCClientBuffer@@@std@@PAX@std@@@std@@@2@XZ 10001a10 f i ClientList.obj
 0001:00000a10       ?_Getal@?$_String_alloc@$0A@U?$_String_base_types@DV?$allocator@D@std@@@std@@@std@@QBE?AU?$_Wrap_alloc@V?$allocator@D@std@@@2@XZ 10001a10 f i CAN_IXXAT_VCI.obj
 0001:00000a10       ?_Getal@?$_Vector_alloc@$0A@U?$_Vec_base_types@PAV?$CBaseMsgBufFSE@UsTCANDATA@@@@V?$allocator@PAV?$CBaseMsgBufFSE@UsTCANDATA@@@@@std@@@std@@@std@@QBE?AU?$_Wrap_alloc@V?$allocator@PAV?$CBaseMsgBufFSE@UsTCANDATA@@@@@std@@@2@XZ 10001a10 f i ClientBuffer.obj
 0001:00000a10       ?_Getal@?$_Tree_alloc@$0A@U?$_Tree_base_types@U?$pair@$$CBHPAUtagHardwareContainer@CHardwareListing@@@std@@V?$allocator@U?$pair@$$CBHPAUtagHardwareContainer@CHardwareListing@@@std@@@2@@std@@@std@@QBE?AU?$_Wrap_alloc@V?$allocator@U?$_Tree_node@U?$pair@$$CBHPAUtagHardwareContainer@CHardwareListing@@@std@@PAX@std@@@std@@@2@XZ 10001a10 f i DIL_CAN_IXXAT_VCI.obj
 0001:00000a30       ?_Myptr@?$_String_val@U?$_Simple_types@D@std@@@std@@QBEPBDXZ 10001a30 f i CAN_IXXAT_VCI.obj
 0001:00000a30       ?_Myptr@?$_String_val@U?$_Simple_types@D@std@@@std@@QAEPADXZ 10001a30 f i CAN_IXXAT_VCI.obj
 0001:00000a70       ?assign@?$basic_string@DU?$char_traits@D@std@@V?$allocator@D@2@@std@@QAEAAV12@ABV12@II@Z 10001a70 f i CAN_IXXAT_VCI.obj
 0001:00000b20       ?assign@?$basic_string@DU?$char_traits@D@std@@V?$allocator@D@2@@std@@QAEAAV12@PBDI@Z 10001b20 f i CAN_IXXAT_VCI.obj
 0001:00000ba0       ?_Eos@?$basic_string@DU?$char_traits@D@std@@V?$allocator@D@2@@std@@QAEXI@Z 10001ba0 f i CAN_IXXAT_VCI.obj
 0001:00000be0       ?_Xran@?$basic_string@DU?$char_traits@D@std@@V?$allocator@D@2@@std@@QBEXXZ 10001be0 f i CAN_IXXAT_VCI.obj
 0001:00000c00       ??0?$_Wrap_alloc@V?$allocator@U?$_Tree_node@U?$pair@$$CBKPAVCClientBuffer@@@std@@PAX@std@@@std@@@std@@QAE@XZ 10001c00 f i ClientList.obj
 0001:00000c00       ??0?$_Wrap_alloc@V?$allocator@U?$_Tree_node@U?$pair@$$CBHPAUtagHardwareContainer@CHardwareListing@@@std@@PAX@std@@@std@@@std@@QAE@XZ 10001c00 f i DIL_CAN_IXXAT_VCI.obj
 0001:00000c00       ??0?$_Wrap_alloc@V?$allocator@D@std@@@std@@QAE@XZ 10001c00 f i CAN_IXXAT_VCI.obj
 0001:00000c00       ??0?$_Wrap_alloc@V?$allocator@PAV?$CBaseMsgBufFSE@UsTCANDATA@@@@@std@@@std@@QAE@XZ 10001c00 f i ClientBuffer.obj
 0001:00000c20       ?deallocate@?$_Wrap_alloc@V?$allocator@PAV?$CBaseMsgBufFSE@UsTCANDATA@@@@@std@@@std@@QAEXPAPAV?$CBaseMsgBufFSE@UsTCANDATA@@@@I@Z 10001c20 f i ClientBuffer.obj
 0001:00000c20       ?deallocate@?$_Wrap_alloc@V?$allocator@D@std@@@std@@QAEXPADI@Z 10001c20 f i CAN_IXXAT_VCI.obj
 0001:00000c20       ?deallocate@?$_Wrap_alloc@V?$allocator@U?$_Tree_node@U?$pair@$$CBKPAVCClientBuffer@@@std@@PAX@std@@@std@@@std@@QAEXPAU?$_Tree_node@U?$pair@$$CBKPAVCClientBuffer@@@std@@PAX@2@I@Z 10001c20 f i ClientList.obj
 0001:00000c20       ?deallocate@?$_Wrap_alloc@V?$allocator@U?$_Tree_node@U?$pair@$$CBHPAUtagHardwareContainer@CHardwareListing@@@std@@PAX@std@@@std@@@std@@QAEXPAU?$_Tree_node@U?$pair@$$CBHPAUtagHardwareContainer@CHardwareListing@@@std@@PAX@2@I@Z 10001c20 f i DIL_CAN_IXXAT_VCI.obj
 0001:00000c40       ??0?$_String_val@U?$_Simple_types@D@std@@@std@@QAE@XZ 10001c40 f i CAN_IXXAT_VCI.obj
 0001:00000c70       ?erase@?$basic_string@DU?$char_traits@D@std@@V?$allocator@D@2@@std@@QAEAAV12@I@Z 10001c70 f i CAN_IXXAT_VCI.obj
 0001:00000ca0       ?erase@?$basic_string@DU?$char_traits@D@std@@V?$allocator@D@2@@std@@QAEAAV12@II@Z 10001ca0 f i CAN_IXXAT_VCI.obj
 0001:00000d30       ?_Grow@?$basic_string@DU?$char_traits@D@std@@V?$allocator@D@2@@std@@QAE_NI_N@Z 10001d30 f i CAN_IXXAT_VCI.obj
 0001:00000de0       ?_Inside@?$basic_string@DU?$char_traits@D@std@@V?$allocator@D@2@@std@@QAE_NPBD@Z 10001de0 f i CAN_IXXAT_VCI.obj
 0001:00000e20       ?_Xlen@?$basic_string@DU?$char_traits@D@std@@V?$allocator@D@2@@std@@QBEXXZ 10001e20 f i CAN_IXXAT_VCI.obj
 0001:00000e40       ?max_size@?$basic_string@DU?$char_traits@D@std@@V?$allocator@D@2@@std@@QBEIXZ 10001e40 f i CAN_IXXAT_VCI.obj
 0001:00000e80       ?_Copy@?$basic_string@DU?$char_traits@D@std@@V?$allocator@D@2@@std@@QAEXII@Z 10001e80 f i CAN_IXXAT_VCI.obj
 0001:00001040       ?allocate@?$_Wrap_alloc@V?$allocator@D@std@@@std@@QAEPADI@Z 10002040 f i CAN_IXXAT_VCI.obj
 0001:00001060       ?max_size@?$_Wrap_alloc@V?$allocator@D@std@@@std@@QBEIXZ 10002060 f i CAN_IXXAT_VCI.obj
 0001:00001080       ?max_size@?$allocator_traits@V?$allocator@D@std@@@std@@SAIABV?$allocator@D@2@@Z 10002080 f i CAN_IXXAT_VCI.obj
 0001:00001090       ?max_size@?$allocator@D@std@@QBEIXZ 10002090 f i CAN_IXXAT_VCI.obj
 0001:000010a0       ??$construct@PADAAPAD@?$_Wrap_alloc@V?$allocator@D@std@@@std@@QAEXPAPADAAPAD@Z 100020a0 f i CAN_IXXAT_VCI.obj
 0001:000010a0       ??$construct@PAV?$CBaseMsgBufFSE@UsTCANDATA@@@@AAPAV1@@?$_Wrap_alloc@V?$allocator@PAV?$CBaseMsgBufFSE@UsTCANDATA@@@@@std@@@std@@QAEXPAPAV?$CBaseMsgBufFSE@UsTCANDATA@@@@AAPAV2@@Z 100020a0 f i ClientBuffer.obj
 0001:000010a0       ??$construct@PAU?$_Tree_node@U?$pair@$$CBKPAVCClientBuffer@@@std@@PAX@std@@AAPAU12@@?$_Wrap_alloc@V?$allocator@U?$_Tree_node@U?$pair@$$CBKPAVCClientBuffer@@@std@@PAX@std@@@std@@@std@@QAEXPAPAU?$_Tree_node@U?$pair@$$CBKPAVCClientBuffer@@@std@@PAX@1@AAPAU21@@Z 100020a0 f i ClientList.obj
 0001:000010a0       ??$construct@PAU?$_Tree_node@U?$pair@$$CBHPAUtagHardwareContainer@CHardwareListing@@@std@@PAX@std@@AAPAU12@@?$_Wrap_alloc@V?$allocator@U?$_Tree_node@U?$pair@$$CBHPAUtagHardwareContainer@CHardwareListing@@@std@@PAX@std@@@std@@@std@@QAEXPAPAU?$_Tree_node@U?$pair@$$CBHPAUtagHardwareContainer@CHardwareListing@@@std@@PAX@1@AAPAU21@@Z 100020a0 f i HardwareListing.obj
 0001:000010d0       ??$destroy@U?$pair@$$CBHPAUtagHardwareContainer@CHardwareListing@@@std@@@?$_Wrap_alloc@V?$allocator@U?$_Tree_node@U?$pair@$$CBHPAUtagHardwareContainer@CHardwareListing@@@std@@PAX@std@@@std@@@std@@QAEXPAU?$pair@$$CBHPAUtagHardwareContainer@CHardwareListing@@@1@@Z 100020d0 f i DIL_CAN_IXXAT_VCI.obj
 0001:000010d0       ??$destroy@U?$pair@$$CBKPAVCClientBuffer@@@std@@@?$_Wrap_alloc@V?$allocator@U?$_Tree_node@U?$pair@$$CBKPAVCClientBuffer@@@std@@PAX@std@@@std@@@std@@QAEXPAU?$pair@$$CBKPAVCClientBuffer@@@1@@Z 100020d0 f i ClientList.obj
 0001:000010d0       ??$destroy@PAD@?$_Wrap_alloc@V?$allocator@D@std@@@std@@QAEXPAPAD@Z 100020d0 f i CAN_IXXAT_VCI.obj
 0001:000010d0       ??$destroy@PAU?$_Tree_node@U?$pair@$$CBHPAUtagHardwareContainer@CHardwareListing@@@std@@PAX@std@@@?$_Wrap_alloc@V?$allocator@U?$_Tree_node@U?$pair@$$CBHPAUtagHardwareContainer@CHardwareListing@@@std@@PAX@std@@@std@@@std@@QAEXPAPAU?$_Tree_node@U?$pair@$$CBHPAUtagHardwareContainer@CHardwareListing@@@std@@PAX@1@@Z 100020d0 f i DIL_CAN_IXXAT_VCI.obj
 0001:000010d0       ??$destroy@PAU?$_Tree_node@U?$pair@$$CBKPAVCClientBuffer@@@std@@PAX@std@@@?$_Wrap_alloc@V?$allocator@U?$_Tree_node@U?$pair@$$CBKPAVCClientBuffer@@@std@@PAX@std@@@std@@@std@@QAEXPAPAU?$_Tree_node@U?$pair@$$CBKPAVCClientBuffer@@@std@@PAX@1@@Z 100020d0 f i ClientList.obj
 0001:000010f0       ??$addressof@QAV?$CBaseMsgBufFSE@UsTCANDATA@@@@@std@@YAPBQAV?$CBaseMsgBufFSE@UsTCANDATA@@@@ABQAV1@@Z 100020f0 f i ClientBuffer.obj
 0001:000010f0       ??$forward@AAV?$_Tree_iterator@V?$_Tree_val@U?$_Tree_simple_types@U?$pair@$$CBHPAUtagHardwareContainer@CHardwareListing@@@std@@@std@@@std@@@std@@@std@@YAAAV?$_Tree_iterator@V?$_Tree_val@U?$_Tree_simple_types@U?$pair@$$CBHPAUtagHardwareContainer@CHardwareListing@@@std@@@std@@@std@@@0@AAV10@@Z 100020f0 f i HardwareListing.obj
 0001:000010f0       ??$forward@U?$pair@HPAUtagHardwareContainer@CHardwareListing@@@std@@@std@@YA$$QAU?$pair@HPAUtagHardwareContainer@CHardwareListing@@@0@AAU10@@Z 100020f0 f i HardwareListing.obj
 0001:000010f0       ??$forward@AAH@std@@YAAAHAAH@Z 100020f0 f i HardwareListing.obj
 0001:000010f0       ??$forward@AAPAD@std@@YAAAPADAAPAD@Z 100020f0 f i CAN_IXXAT_VCI.obj
 0001:000010f0       ??$forward@PAUtagHardwareContainer@CHardwareListing@@@std@@YA$$QAPAUtagHardwareContainer@CHardwareListing@@AAPAU12@@Z 100020f0 f i HardwareListing.obj
 0001:000010f0       ??$forward@_N@std@@YA$$QA_NAA_N@Z 100020f0 f i ClientList.obj
 0001:000010f0       ??$_Kfn@$$CBHPAUtagHardwareContainer@CHardwareListing@@@?$_Tmap_traits@HPAUtagHardwareContainer@CHardwareListing@@U?$less@H@std@@V?$allocator@U?$pair@$$CBHPAUtagHardwareContainer@CHardwareListing@@@std@@@4@$0A@@std@@SAABHABU?$pair@$$CBHPAUtagHardwareContainer@CHardwareListing@@@1@@Z 100020f0 f i HardwareListing.obj
 0001:000010f0       ??$addressof@D@std@@YAPADAAD@Z 100020f0 f i CAN_IXXAT_VCI.obj
 0001:000010f0       ?_Left@?$_Tree_val@U?$_Tree_simple_types@U?$pair@$$CBKPAVCClientBuffer@@@std@@@std@@@std@@SAAAPAU?$_Tree_node@U?$pair@$$CBKPAVCClientBuffer@@@std@@PAX@2@PAU32@@Z 100020f0 f i ClientList.obj
 0001:000010f0       ??$forward@AAPAV?$CBaseMsgBufFSE@UsTCANDATA@@@@@std@@YAAAPAV?$CBaseMsgBufFSE@UsTCANDATA@@@@AAPAV1@@Z 100020f0 f i ClientBuffer.obj
 0001:000010f0       ??$_Kfn@$$CBKPAVCClientBuffer@@@?$_Tmap_traits@KPAVCClientBuffer@@U?$less@K@std@@V?$allocator@U?$pair@$$CBKPAVCClientBuffer@@@std@@@3@$0A@@std@@SAABKABU?$pair@$$CBKPAVCClientBuffer@@@1@@Z 100020f0 f i ClientList.obj
 0001:000010f0       ??$addressof@PAU?$_Tree_node@U?$pair@$$CBKPAVCClientBuffer@@@std@@PAX@std@@@std@@YAPAPAU?$_Tree_node@U?$pair@$$CBKPAVCClientBuffer@@@std@@PAX@0@AAPAU10@@Z 100020f0 f i ClientList.obj
 0001:000010f0       ??$addressof@U?$pair@$$CBHPAUtagHardwareContainer@CHardwareListing@@@std@@@std@@YAPAU?$pair@$$CBHPAUtagHardwareContainer@CHardwareListing@@@0@AAU10@@Z 100020f0 f i DIL_CAN_IXXAT_VCI.obj
 0001:000010f0       ??$forward@H@std@@YA$$QAHAAH@Z 100020f0 f i HardwareListing.obj
 0001:000010f0       ??$_Move@AAD@std@@YA$$QADAAD@Z 100020f0 f i ClientList.obj
 0001:000010f0       ?_Left@?$_Tree_val@U?$_Tree_simple_types@U?$pair@$$CBHPAUtagHardwareContainer@CHardwareListing@@@std@@@std@@@std@@SAAAPAU?$_Tree_node@U?$pair@$$CBHPAUtagHardwareContainer@CHardwareListing@@@std@@PAX@2@PAU32@@Z 100020f0 f i DIL_CAN_IXXAT_VCI.obj
 0001:000010f0       ??$forward@PAVCClientBuffer@@@std@@YA$$QAPAVCClientBuffer@@AAPAV1@@Z 100020f0 f i ClientList.obj
 0001:000010f0       ??$addressof@U?$pair@$$CBKPAVCClientBuffer@@@std@@@std@@YAPAU?$pair@$$CBKPAVCClientBuffer@@@0@AAU10@@Z 100020f0 f i ClientList.obj
 0001:000010f0       ??$forward@AAPAU?$_Tree_node@U?$pair@$$CBHPAUtagHardwareContainer@CHardwareListing@@@std@@PAX@std@@@std@@YAAAPAU?$_Tree_node@U?$pair@$$CBHPAUtagHardwareContainer@CHardwareListing@@@std@@PAX@0@AAPAU10@@Z 100020f0 f i HardwareListing.obj
 0001:000010f0       ??$forward@AAPAU?$_Tree_node@U?$pair@$$CBKPAVCClientBuffer@@@std@@PAX@std@@@std@@YAAAPAU?$_Tree_node@U?$pair@$$CBKPAVCClientBuffer@@@std@@PAX@0@AAPAU10@@Z 100020f0 f i ClientList.obj
 0001:000010f0       ??$forward@AAPAUtagHardwareContainer@CHardwareListing@@@std@@YAAAPAUtagHardwareContainer@CHardwareListing@@AAPAU12@@Z 100020f0 f i HardwareListing.obj
 0001:000010f0       ??$forward@V?$_Tree_iterator@V?$_Tree_val@U?$_Tree_simple_types@U?$pair@$$CBKPAVCClientBuffer@@@std@@@std@@@std@@@std@@@std@@YA$$QAV?$_Tree_iterator@V?$_Tree_val@U?$_Tree_simple_types@U?$pair@$$CBKPAVCClientBuffer@@@std@@@std@@@std@@@0@AAV10@@Z 100020f0 f i ClientList.obj
 0001:000010f0       ??$forward@AAV?$_Tree_iterator@V?$_Tree_val@U?$_Tree_simple_types@U?$pair@$$CBKPAVCClientBuffer@@@std@@@std@@@std@@@std@@@std@@YAAAV?$_Tree_iterator@V?$_Tree_val@U?$_Tree_simple_types@U?$pair@$$CBKPAVCClientBuffer@@@std@@@std@@@std@@@0@AAV10@@Z 100020f0 f i ClientList.obj
 0001:000010f0       ??$forward@ABQAV?$CBaseMsgBufFSE@UsTCANDATA@@@@@std@@YAABQAV?$CBaseMsgBufFSE@UsTCANDATA@@@@ABQAV1@@Z 100020f0 f i ClientBuffer.obj
 0001:000010f0       ??$forward@U?$pair@KPAVCClientBuffer@@@std@@@std@@YA$$QAU?$pair@KPAVCClientBuffer@@@0@AAU10@@Z 100020f0 f i ClientList.obj
 0001:000010f0       ??$forward@ABK@std@@YAABKABK@Z 100020f0 f i ClientList.obj
 0001:000010f0       ??$addressof@PAU?$_Tree_node@U?$pair@$$CBHPAUtagHardwareContainer@CHardwareListing@@@std@@PAX@std@@@std@@YAPAPAU?$_Tree_node@U?$pair@$$CBHPAUtagHardwareContainer@CHardwareListing@@@std@@PAX@0@AAPAU10@@Z 100020f0 f i DIL_CAN_IXXAT_VCI.obj
 0001:000010f0       ??$forward@V?$basic_string@DU?$char_traits@D@std@@V?$allocator@D@2@@std@@@std@@YA$$QAV?$basic_string@DU?$char_traits@D@std@@V?$allocator@D@2@@0@AAV10@@Z 100020f0 f i DIL_CAN_IXXAT_VCI.obj
 0001:000010f0       ?A2T@@YAPADPAD@Z           100020f0 f i DIL_CAN_IXXAT_VCI.obj
 0001:000010f0       ??$forward@AAU?$pair@$$CBKPAVCClientBuffer@@@std@@@std@@YAAAU?$pair@$$CBKPAVCClientBuffer@@@0@AAU10@@Z 100020f0 f i ClientList.obj
 0001:000010f0       ??$forward@K@std@@YA$$QAKAAK@Z 100020f0 f i ClientList.obj
 0001:000010f0       ??$forward@V?$_Tree_iterator@V?$_Tree_val@U?$_Tree_simple_types@U?$pair@$$CBHPAUtagHardwareContainer@CHardwareListing@@@std@@@std@@@std@@@std@@@std@@YA$$QAV?$_Tree_iterator@V?$_Tree_val@U?$_Tree_simple_types@U?$pair@$$CBHPAUtagHardwareContainer@CHardwareListing@@@std@@@std@@@std@@@0@AAV10@@Z 100020f0 f i HardwareListing.obj
 0001:000010f0       ??$forward@AAU?$pair@$$CBHPAUtagHardwareContainer@CHardwareListing@@@std@@@std@@YAAAU?$pair@$$CBHPAUtagHardwareContainer@CHardwareListing@@@0@AAU10@@Z 100020f0 f i HardwareListing.obj
 0001:00001100       ??$_Allocate@D@std@@YAPADIPAD@Z 10002100 f i CAN_IXXAT_VCI.obj
 0001:00001140       ??$construct@PAU?$_Tree_node@U?$pair@$$CBHPAUtagHardwareContainer@CHardwareListing@@@std@@PAX@std@@AAPAU12@@?$allocator_traits@V?$allocator@U?$_Tree_node@U?$pair@$$CBHPAUtagHardwareContainer@CHardwareListing@@@std@@PAX@std@@@std@@@std@@SAXAAV?$allocator@U?$_Tree_node@U?$pair@$$CBHPAUtagHardwareContainer@CHardwareListing@@@std@@PAX@std@@@1@PAPAU?$_Tree_node@U?$pair@$$CBHPAUtagHardwareContainer@CHardwareListing@@@std@@PAX@1@AAPAU31@@Z 10002140 f i HardwareListing.obj
 0001:00001140       ??$construct@PADAAPAD@?$allocator_traits@V?$allocator@D@std@@@std@@SAXAAV?$allocator@D@1@PAPADAAPAD@Z 10002140 f i CAN_IXXAT_VCI.obj
 0001:00001140       ??$construct@PAU?$_Tree_node@U?$pair@$$CBKPAVCClientBuffer@@@std@@PAX@std@@AAPAU12@@?$allocator_traits@V?$allocator@U?$_Tree_node@U?$pair@$$CBKPAVCClientBuffer@@@std@@PAX@std@@@std@@@std@@SAXAAV?$allocator@U?$_Tree_node@U?$pair@$$CBKPAVCClientBuffer@@@std@@PAX@std@@@1@PAPAU?$_Tree_node@U?$pair@$$CBKPAVCClientBuffer@@@std@@PAX@1@AAPAU31@@Z 10002140 f i ClientList.obj
 0001:00001140       ??$construct@PAV?$CBaseMsgBufFSE@UsTCANDATA@@@@AAPAV1@@?$allocator_traits@V?$allocator@PAV?$CBaseMsgBufFSE@UsTCANDATA@@@@@std@@@std@@SAXAAV?$allocator@PAV?$CBaseMsgBufFSE@UsTCANDATA@@@@@1@PAPAV?$CBaseMsgBufFSE@UsTCANDATA@@@@AAPAV3@@Z 10002140 f i ClientBuffer.obj
 0001:00001160       ??$destroy@PAD@?$allocator_traits@V?$allocator@D@std@@@std@@SAXAAV?$allocator@D@1@PAPAD@Z 10002160 f i CAN_IXXAT_VCI.obj
 0001:00001160       ??$destroy@U?$pair@$$CBKPAVCClientBuffer@@@std@@@?$allocator_traits@V?$allocator@U?$_Tree_node@U?$pair@$$CBKPAVCClientBuffer@@@std@@PAX@std@@@std@@@std@@SAXAAV?$allocator@U?$_Tree_node@U?$pair@$$CBKPAVCClientBuffer@@@std@@PAX@std@@@1@PAU?$pair@$$CBKPAVCClientBuffer@@@1@@Z 10002160 f i ClientList.obj
 0001:00001160       ??$destroy@PAU?$_Tree_node@U?$pair@$$CBHPAUtagHardwareContainer@CHardwareListing@@@std@@PAX@std@@@?$allocator_traits@V?$allocator@U?$_Tree_node@U?$pair@$$CBHPAUtagHardwareContainer@CHardwareListing@@@std@@PAX@std@@@std@@@std@@SAXAAV?$allocator@U?$_Tree_node@U?$pair@$$CBHPAUtagHardwareContainer@CHardwareListing@@@std@@PAX@std@@@1@PAPAU?$_Tree_node@U?$pair@$$CBHPAUtagHardwareContainer@CHardwareListing@@@std@@PAX@1@@Z 10002160 f i DIL_CAN_IXXAT_VCI.obj
 0001:00001160       ??$destroy@U?$pair@$$CBHPAUtagHardwareContainer@CHardwareListing@@@std@@@?$allocator_traits@V?$allocator@U?$_Tree_node@U?$pair@$$CBHPAUtagHardwareContainer@CHardwareListing@@@std@@PAX@std@@@std@@@std@@SAXAAV?$allocator@U?$_Tree_node@U?$pair@$$CBHPAUtagHardwareContainer@CHardwareListing@@@std@@PAX@std@@@1@PAU?$pair@$$CBHPAUtagHardwareContainer@CHardwareListing@@@1@@Z 10002160 f i DIL_CAN_IXXAT_VCI.obj
 0001:00001160       ??$destroy@PAU?$_Tree_node@U?$pair@$$CBKPAVCClientBuffer@@@std@@PAX@std@@@?$allocator_traits@V?$allocator@U?$_Tree_node@U?$pair@$$CBKPAVCClientBuffer@@@std@@PAX@std@@@std@@@std@@SAXAAV?$allocator@U?$_Tree_node@U?$pair@$$CBKPAVCClientBuffer@@@std@@PAX@std@@@1@PAPAU?$_Tree_node@U?$pair@$$CBKPAVCClientBuffer@@@std@@PAX@1@@Z 10002160 f i ClientList.obj
 0001:00001180       ??$construct@PAU?$_Tree_node@U?$pair@$$CBKPAVCClientBuffer@@@std@@PAX@std@@AAPAU12@@?$allocator@U?$_Tree_node@U?$pair@$$CBKPAVCClientBuffer@@@std@@PAX@std@@@std@@QAEXPAPAU?$_Tree_node@U?$pair@$$CBKPAVCClientBuffer@@@std@@PAX@1@AAPAU21@@Z 10002180 f i ClientList.obj
 0001:00001180       ??$construct@PAV?$CBaseMsgBufFSE@UsTCANDATA@@@@AAPAV1@@?$allocator@PAV?$CBaseMsgBufFSE@UsTCANDATA@@@@@std@@QAEXPAPAV?$CBaseMsgBufFSE@UsTCANDATA@@@@AAPAV2@@Z 10002180 f i ClientBuffer.obj
 0001:00001180       ??$construct@PADAAPAD@?$allocator@D@std@@QAEXPAPADAAPAD@Z 10002180 f i CAN_IXXAT_VCI.obj
 0001:00001180       ??$construct@PAU?$_Tree_node@U?$pair@$$CBHPAUtagHardwareContainer@CHardwareListing@@@std@@PAX@std@@AAPAU12@@?$allocator@U?$_Tree_node@U?$pair@$$CBHPAUtagHardwareContainer@CHardwareListing@@@std@@PAX@std@@@std@@QAEXPAPAU?$_Tree_node@U?$pair@$$CBHPAUtagHardwareContainer@CHardwareListing@@@std@@PAX@1@AAPAU21@@Z 10002180 f i HardwareListing.obj
 0001:00001210       ?BeginModalState@CWnd@@UAEXXZ 10002210 f i CANControllerConfigDlg.obj
 0001:00001230       ?EndModalState@CWnd@@UAEXXZ 10002230 f i CANControllerConfigDlg.obj
 0001:00001250       ??0CComboBox@@QAE@XZ       10002250 f i CANControllerConfigDlg.obj
 0001:00001270       ??_GCComboBox@@UAEPAXI@Z   10002270 f i CANControllerConfigDlg.obj
 0001:00001270       ??_ECComboBox@@UAEPAXI@Z   10002270 f i * CIL library *:* CIL module *
 0001:000012a0       ?GetCurSel@CComboBox@@QBEHXZ 100022a0 f i CANControllerConfigDlg.obj
 0001:000012d0       ?SetCurSel@CComboBox@@QAEHH@Z 100022d0 f i CANControllerConfigDlg.obj
 0001:00001300       ?AddString@CComboBox@@QAEHPBD@Z 10002300 f i CANControllerConfigDlg.obj
 0001:00001330       ??0CEdit@@QAE@XZ           10002330 f i CANControllerConfigDlg.obj
 0001:00001350       ??_ECEdit@@UAEPAXI@Z       10002350 f i * CIL library *:* CIL module *
 0001:00001350       ??_GCEdit@@UAEPAXI@Z       10002350 f i CANControllerConfigDlg.obj
 0001:00001380       ?_GetBaseClass@CCANControllerConfigDlg@@KGPAUCRuntimeClass@@XZ 10002380 f   CANControllerConfigDlg.obj
 0001:00001380       ?_GetBaseClass@CCANSelectDlg@@KGPAUCRuntimeClass@@XZ 10002380 f   CANSelectDlg.obj
 0001:00001390       ?GetRuntimeClass@CCANControllerConfigDlg@@UBEPAUCRuntimeClass@@XZ 10002390 f   CANControllerConfigDlg.obj
 0001:000013a0       ?_GetBaseMessageMap@CHardwareListing@@KGPBUAFX_MSGMAP@@XZ 100023a0 f   HardwareListing.obj
 0001:000013a0       ?_GetBaseMessageMap@CCANControllerConfigDlg@@KGPBUAFX_MSGMAP@@XZ 100023a0 f   CANControllerConfigDlg.obj
 0001:000013a0       ?_GetBaseMessageMap@CCANSelectDlg@@KGPBUAFX_MSGMAP@@XZ 100023a0 f   CANSelectDlg.obj
 0001:000013b0       ?GetMessageMap@CCANControllerConfigDlg@@MBEPBUAFX_MSGMAP@@XZ 100023b0 f   CANControllerConfigDlg.obj
 0001:000013c0       ??0CCANControllerConfigDlg@@QAE@HPAVCWnd@@@Z 100023c0 f   CANControllerConfigDlg.obj
 0001:000014c0       ??_ECCANControllerConfigDlg@@UAEPAXI@Z 100024c0 f i * CIL library *:* CIL module *
 0001:000014c0       ??_GCCANControllerConfigDlg@@UAEPAXI@Z 100024c0 f i CANControllerConfigDlg.obj
 0001:000014f0       ??0sCiaBaud@CCANControllerConfigDlg@@QAE@XZ 100024f0 f i CANControllerConfigDlg.obj
 0001:00001510       ??1sCiaBaud@CCANControllerConfigDlg@@QAE@XZ 10002510 f i CANControllerConfigDlg.obj
 0001:00001530       ??1CCANControllerConfigDlg@@UAE@XZ 10002530 f   CANControllerConfigDlg.obj
 0001:000015f0       ?DoDataExchange@CCANControllerConfigDlg@@MAEXPAVCDataExchange@@@Z 100025f0 f   CANControllerConfigDlg.obj
 0001:00001650       ?OnInitDialog@CCANControllerConfigDlg@@MAEHXZ 10002650 f   CANControllerConfigDlg.obj
 0001:000016e0       ?OnBnClickedButtonCancfgOk@CCANControllerConfigDlg@@QAEXXZ 100026e0 f   CANControllerConfigDlg.obj
 0001:00001700       ?OnBnClickedButtonCancel@CCANControllerConfigDlg@@QAEXXZ 10002700 f   CANControllerConfigDlg.obj
 0001:00001720       ?FillBaudStruct@CCANControllerConfigDlg@@IAEXXZ 10002720 f   CANControllerConfigDlg.obj
 0001:00001af0       ?OnCbnSelendokComboCiaBaudSelection@CCANControllerConfigDlg@@QAEXXZ 10002af0 f   CANControllerConfigDlg.obj
 0001:00001b20       ?UpdateBTRFields@CCANControllerConfigDlg@@IAEXH@Z 10002b20 f   CANControllerConfigDlg.obj
 0001:00001c70       ?GetListIndexFromBTRRegisters@CCANControllerConfigDlg@@IAEHXZ 10002c70 f   CANControllerConfigDlg.obj
 0001:00001dc0       ?GetBitTimingValue@CCANControllerConfigDlg@@QAEHXZ 10002dc0 f   CANControllerConfigDlg.obj
 0001:00001df0       ?GetBitTimingName@CCANControllerConfigDlg@@QAE?AV?$basic_string@DU?$char_traits@D@std@@V?$allocator@D@2@@std@@XZ 10002df0 f   CANControllerConfigDlg.obj
 0001:00001e30       ?OnEnChangeEditBitreg0@CCANControllerConfigDlg@@QAEXXZ 10002e30 f   CANControllerConfigDlg.obj
 0001:00001e60       ?OnEnChangeEditBitreg1@CCANControllerConfigDlg@@QAEXXZ 10002e60 f   CANControllerConfigDlg.obj
 0001:00001e90       ?UpdateComboBoxIndexFromEditFields@CCANControllerConfigDlg@@IAEXXZ 10002e90 f   CANControllerConfigDlg.obj
 0001:00001f30       ??0?$basic_string@DU?$char_traits@D@std@@V?$allocator@D@2@@std@@QAE@ABV01@@Z 10002f30 f i CANControllerConfigDlg.obj
 0001:00001f90       ??0?$basic_string@DU?$char_traits@D@std@@V?$allocator@D@2@@std@@QAE@XZ 10002f90 f i CANControllerConfigDlg.obj
 0001:00001fc0       ??4?$basic_string@DU?$char_traits@D@std@@V?$allocator@D@2@@std@@QAEAAV01@ABV01@@Z 10002fc0 f i CANControllerConfigDlg.obj
 0001:00002040       ??4?$basic_string@DU?$char_traits@D@std@@V?$allocator@D@2@@std@@QAEAAV01@PBD@Z 10003040 f i CANControllerConfigDlg.obj
 0001:00002060       ?c_str@?$basic_string@DU?$char_traits@D@std@@V?$allocator@D@2@@std@@QBEPBDXZ 10003060 f i CANControllerConfigDlg.obj
 0001:00002080       ?assign@?$basic_string@DU?$char_traits@D@std@@V?$allocator@D@2@@std@@QAEAAV12@ABV12@@Z 10003080 f i CANControllerConfigDlg.obj
 0001:000020b0       ?select_on_container_copy_construction@?$_Wrap_alloc@V?$allocator@D@std@@@std@@QBE?AU12@XZ 100030b0 f i CANControllerConfigDlg.obj
 0001:000020e0       ??0?$_Wrap_alloc@V?$allocator@D@std@@@std@@QAE@ABV?$allocator@D@1@@Z 100030e0 f i CANControllerConfigDlg.obj
 0001:00002100       ?select_on_container_copy_construction@?$allocator_traits@V?$allocator@D@std@@@std@@SA?AV?$allocator@D@2@ABV32@@Z 10003100 f i CANControllerConfigDlg.obj
 0001:00002120       ?select_on_container_copy_construction@?$allocator@D@std@@QBE?AV12@XZ 10003120 f i CANControllerConfigDlg.obj
 0001:00002140       ??0?$allocator@D@std@@QAE@ABV01@@Z 10003140 f i CANControllerConfigDlg.obj
 0001:00002150       ??$?9V?$allocator@D@std@@V01@@std@@YA_NABU?$_Wrap_alloc@V?$allocator@D@std@@@0@0@Z 10003150 f i CANControllerConfigDlg.obj
 0001:00002190       ??$?8V?$allocator@D@std@@V01@@std@@YA_NABU?$_Wrap_alloc@V?$allocator@D@std@@@0@0@Z 10003190 f i CANControllerConfigDlg.obj
 0001:000021c0       ??$?8DD@std@@YA_NABV?$allocator@D@0@0@Z 100031c0 f i CANControllerConfigDlg.obj
 0001:000021d0       ?OnBnClickedOk@CCANSelectDlg@@QAEXXZ 100031d0 f   CANSelectDlg.obj
 0001:000021f0       ??0CClientBuffer@@QAE@KPAX0V?$basic_string@DU?$char_traits@D@std@@V?$allocator@D@2@@std@@@Z 100031f0 f   ClientBuffer.obj
 0001:00002290       ??1CClientBuffer@@QAE@XZ   10003290 f   ClientBuffer.obj
 0001:000022c0       ?AddMsgBuf@CClientBuffer@@QAEJPAV?$CBaseMsgBufFSE@UsTCANDATA@@@@@Z 100032c0 f   ClientBuffer.obj
 0001:00002300       ?RemoveMsgBuf@CClientBuffer@@QAEJPAV?$CBaseMsgBufFSE@UsTCANDATA@@@@@Z 10003300 f   ClientBuffer.obj
 0001:000023a0       ?RemoveAllMsgBuf@CClientBuffer@@QAEJXZ 100033a0 f   ClientBuffer.obj
 0001:000023c0       ?GetSEBufferByIndex@CClientBuffer@@QAEPAV?$CBaseMsgBufFSE@UsTCANDATA@@@@H@Z 100033c0 f   ClientBuffer.obj
 0001:00002400       ?MsgBufExist@CClientBuffer@@IAEHPAV?$CBaseMsgBufFSE@UsTCANDATA@@@@@Z 10003400 f   ClientBuffer.obj
 0001:00002460       ??0?$vector@PAV?$CBaseMsgBufFSE@UsTCANDATA@@@@V?$allocator@PAV?$CBaseMsgBufFSE@UsTCANDATA@@@@@std@@@std@@QAE@XZ 10003460 f i ClientBuffer.obj
 0001:00002490       ??1?$vector@PAV?$CBaseMsgBufFSE@UsTCANDATA@@@@V?$allocator@PAV?$CBaseMsgBufFSE@UsTCANDATA@@@@@std@@@std@@QAE@XZ 10003490 f i ClientBuffer.obj
 0001:000024b0       ?begin@?$vector@PAV?$CBaseMsgBufFSE@UsTCANDATA@@@@V?$allocator@PAV?$CBaseMsgBufFSE@UsTCANDATA@@@@@std@@@std@@QAE?AV?$_Vector_iterator@V?$_Vector_val@U?$_Simple_types@PAV?$CBaseMsgBufFSE@UsTCANDATA@@@@@std@@@std@@@2@XZ 100034b0 f i ClientBuffer.obj
 0001:000024e0       ?end@?$vector@PAV?$CBaseMsgBufFSE@UsTCANDATA@@@@V?$allocator@PAV?$CBaseMsgBufFSE@UsTCANDATA@@@@@std@@@std@@QAE?AV?$_Vector_iterator@V?$_Vector_val@U?$_Simple_types@PAV?$CBaseMsgBufFSE@UsTCANDATA@@@@@std@@@std@@@2@XZ 100034e0 f i ClientBuffer.obj
 0001:00002510       ?size@?$vector@PAV?$CBaseMsgBufFSE@UsTCANDATA@@@@V?$allocator@PAV?$CBaseMsgBufFSE@UsTCANDATA@@@@@std@@@std@@QBEIXZ 10003510 f i ClientBuffer.obj
 0001:00002530       ??A?$vector@PAV?$CBaseMsgBufFSE@UsTCANDATA@@@@V?$allocator@PAV?$CBaseMsgBufFSE@UsTCANDATA@@@@@std@@@std@@QAEAAPAV?$CBaseMsgBufFSE@UsTCANDATA@@@@I@Z 10003530 f i ClientBuffer.obj
 0001:00002550       ?push_back@?$vector@PAV?$CBaseMsgBufFSE@UsTCANDATA@@@@V?$allocator@PAV?$CBaseMsgBufFSE@UsTCANDATA@@@@@std@@@std@@QAEXABQAV?$CBaseMsgBufFSE@UsTCANDATA@@@@@Z 10003550 f i ClientBuffer.obj
 0001:00002660       ?erase@?$vector@PAV?$CBaseMsgBufFSE@UsTCANDATA@@@@V?$allocator@PAV?$CBaseMsgBufFSE@UsTCANDATA@@@@@std@@@std@@QAE?AV?$_Vector_iterator@V?$_Vector_val@U?$_Simple_types@PAV?$CBaseMsgBufFSE@UsTCANDATA@@@@@std@@@std@@@2@V?$_Vector_const_iterator@V?$_Vector_val@U?$_Simple_types@PAV?$CBaseMsgBufFSE@UsTCANDATA@@@@@std@@@std@@@2@@Z 10003660 f i ClientBuffer.obj
 0001:000026d0       ?clear@?$vector@PAV?$CBaseMsgBufFSE@UsTCANDATA@@@@V?$allocator@PAV?$CBaseMsgBufFSE@UsTCANDATA@@@@@std@@@std@@QAEXXZ 100036d0 f i ClientBuffer.obj
 0001:00002710       ??0?$_Vector_iterator@V?$_Vector_val@U?$_Simple_types@PAV?$CBaseMsgBufFSE@UsTCANDATA@@@@@std@@@std@@@std@@QAE@XZ 10003710 f i ClientBuffer.obj
 0001:00002710       ??0?$_Tree_const_iterator@V?$_Tree_val@U?$_Tree_simple_types@U?$pair@$$CBHPAUtagHardwareContainer@CHardwareListing@@@std@@@std@@@std@@@std@@QAE@XZ 10003710 f i HardwareListing.obj
 0001:00002710       ??0?$_Tree_const_iterator@V?$_Tree_val@U?$_Tree_simple_types@U?$pair@$$CBKPAVCClientBuffer@@@std@@@std@@@std@@@std@@QAE@XZ 10003710 f i ClientList.obj
 0001:00002730       ??D?$_String_iterator@V?$_String_val@U?$_Simple_types@D@std@@@std@@@std@@QBEAADXZ 10003730 f i DIL_CAN_IXXAT_VCI.obj
 0001:00002730       ??D?$_Vector_iterator@V?$_Vector_val@U?$_Simple_types@PAV?$CBaseMsgBufFSE@UsTCANDATA@@@@@std@@@std@@@std@@QBEAAPAV?$CBaseMsgBufFSE@UsTCANDATA@@@@XZ 10003730 f i ClientBuffer.obj
 0001:00002750       ??E?$_Vector_iterator@V?$_Vector_val@U?$_Simple_types@PAV?$CBaseMsgBufFSE@UsTCANDATA@@@@@std@@@std@@@std@@QAEAAV01@XZ 10003750 f i ClientBuffer.obj
 0001:00002770       ??9?$_Vector_const_iterator@V?$_Vector_val@U?$_Simple_types@PAV?$CBaseMsgBufFSE@UsTCANDATA@@@@@std@@@std@@@std@@QBE_NABV01@@Z 10003770 f i ClientBuffer.obj
 0001:000027b0       ?_Make_iter@?$vector@PAV?$CBaseMsgBufFSE@UsTCANDATA@@@@V?$allocator@PAV?$CBaseMsgBufFSE@UsTCANDATA@@@@@std@@@std@@QBE?AV?$_Vector_iterator@V?$_Vector_val@U?$_Simple_types@PAV?$CBaseMsgBufFSE@UsTCANDATA@@@@@std@@@std@@@2@V?$_Vector_const_iterator@V?$_Vector_val@U?$_Simple_types@PAV?$CBaseMsgBufFSE@UsTCANDATA@@@@@std@@@std@@@2@@Z 100037b0 f i ClientBuffer.obj
 0001:000027d0       ?_Destroy@?$vector@PAV?$CBaseMsgBufFSE@UsTCANDATA@@@@V?$allocator@PAV?$CBaseMsgBufFSE@UsTCANDATA@@@@@std@@@std@@IAEXPAPAV?$CBaseMsgBufFSE@UsTCANDATA@@@@0@Z 100037d0 f i ClientBuffer.obj
 0001:00002800       ?_Inside@?$vector@PAV?$CBaseMsgBufFSE@UsTCANDATA@@@@V?$allocator@PAV?$CBaseMsgBufFSE@UsTCANDATA@@@@@std@@@std@@IBE_NPBQAV?$CBaseMsgBufFSE@UsTCANDATA@@@@@Z 10003800 f i ClientBuffer.obj
 0001:00002840       ?_Reserve@?$vector@PAV?$CBaseMsgBufFSE@UsTCANDATA@@@@V?$allocator@PAV?$CBaseMsgBufFSE@UsTCANDATA@@@@@std@@@std@@IAEXI@Z 10003840 f i ClientBuffer.obj
 0001:000028a0       ?_Tidy@?$vector@PAV?$CBaseMsgBufFSE@UsTCANDATA@@@@V?$allocator@PAV?$CBaseMsgBufFSE@UsTCANDATA@@@@@std@@@std@@IAEXXZ 100038a0 f i ClientBuffer.obj
 0001:00002920       ?_Orphan_range@?$vector@PAV?$CBaseMsgBufFSE@UsTCANDATA@@@@V?$allocator@PAV?$CBaseMsgBufFSE@UsTCANDATA@@@@@std@@@std@@IBEXPAPAV?$CBaseMsgBufFSE@UsTCANDATA@@@@0@Z 10003920 f i ClientBuffer.obj
 0001:00002930       ??0?$_Vector_alloc@$0A@U?$_Vec_base_types@PAV?$CBaseMsgBufFSE@UsTCANDATA@@@@V?$allocator@PAV?$CBaseMsgBufFSE@UsTCANDATA@@@@@std@@@std@@@std@@QAE@ABV?$allocator@PAV?$CBaseMsgBufFSE@UsTCANDATA@@@@@1@@Z 10003930 f i ClientBuffer.obj
 0001:00002950       ??0?$_Vector_iterator@V?$_Vector_val@U?$_Simple_types@PAV?$CBaseMsgBufFSE@UsTCANDATA@@@@@std@@@std@@@std@@QAE@PAPAV?$CBaseMsgBufFSE@UsTCANDATA@@@@PBU_Container_base0@1@@Z 10003950 f i ClientBuffer.obj
 0001:00002950       ??0?$_Tree_const_iterator@V?$_Tree_val@U?$_Tree_simple_types@U?$pair@$$CBKPAVCClientBuffer@@@std@@@std@@@std@@@std@@QAE@PAU?$_Tree_node@U?$pair@$$CBKPAVCClientBuffer@@@std@@PAX@1@PBV?$_Tree_val@U?$_Tree_simple_types@U?$pair@$$CBKPAVCClientBuffer@@@std@@@std@@@1@@Z 10003950 f i ClientList.obj
 0001:00002950       ??0?$_Tree_const_iterator@V?$_Tree_val@U?$_Tree_simple_types@U?$pair@$$CBHPAUtagHardwareContainer@CHardwareListing@@@std@@@std@@@std@@@std@@QAE@PAU?$_Tree_node@U?$pair@$$CBHPAUtagHardwareContainer@CHardwareListing@@@std@@PAX@1@PBV?$_Tree_val@U?$_Tree_simple_types@U?$pair@$$CBHPAUtagHardwareContainer@CHardwareListing@@@std@@@std@@@1@@Z 10003950 f i DIL_CAN_IXXAT_VCI.obj
 0001:00002970       ??0?$_Vector_const_iterator@V?$_Vector_val@U?$_Simple_types@PAV?$CBaseMsgBufFSE@UsTCANDATA@@@@@std@@@std@@@std@@QAE@XZ 10003970 f i ClientBuffer.obj
 0001:00002970       ??0?$_Tree_unchecked_const_iterator@V?$_Tree_val@U?$_Tree_simple_types@U?$pair@$$CBKPAVCClientBuffer@@@std@@@std@@@std@@U_Iterator_base0@2@@std@@QAE@XZ 10003970 f i ClientList.obj
 0001:00002970       ??0?$_Tree_unchecked_const_iterator@V?$_Tree_val@U?$_Tree_simple_types@U?$pair@$$CBHPAUtagHardwareContainer@CHardwareListing@@@std@@@std@@@std@@U_Iterator_base0@2@@std@@QAE@XZ 10003970 f i HardwareListing.obj
 0001:00002990       ??E?$_Vector_const_iterator@V?$_Vector_val@U?$_Simple_types@PAV?$CBaseMsgBufFSE@UsTCANDATA@@@@@std@@@std@@@std@@QAEAAV01@XZ 10003990 f i ClientBuffer.obj
 0001:000029b0       ??8?$_Vector_const_iterator@V?$_Vector_val@U?$_Simple_types@PAV?$CBaseMsgBufFSE@UsTCANDATA@@@@@std@@@std@@@std@@QBE_NABV01@@Z 100039b0 f i ClientBuffer.obj
 0001:000029b0       ??8?$_String_const_iterator@V?$_String_val@U?$_Simple_types@D@std@@@std@@@std@@QBE_NABV01@@Z 100039b0 f i DIL_CAN_IXXAT_VCI.obj
 0001:000029f0       ?_Unused_capacity@?$vector@PAV?$CBaseMsgBufFSE@UsTCANDATA@@@@V?$allocator@PAV?$CBaseMsgBufFSE@UsTCANDATA@@@@@std@@@std@@QBEIXZ 100039f0 f i ClientBuffer.obj
 0001:00002a10       ?max_size@?$vector@PAV?$CBaseMsgBufFSE@UsTCANDATA@@@@V?$allocator@PAV?$CBaseMsgBufFSE@UsTCANDATA@@@@@std@@@std@@QBEIXZ 10003a10 f i ClientBuffer.obj
 0001:00002a30       ?_Grow_to@?$vector@PAV?$CBaseMsgBufFSE@UsTCANDATA@@@@V?$allocator@PAV?$CBaseMsgBufFSE@UsTCANDATA@@@@@std@@@std@@IBEII@Z 10003a30 f i ClientBuffer.obj
 0001:00002a90       ?_Reallocate@?$vector@PAV?$CBaseMsgBufFSE@UsTCANDATA@@@@V?$allocator@PAV?$CBaseMsgBufFSE@UsTCANDATA@@@@@std@@@std@@IAEXI@Z 10003a90 f i ClientBuffer.obj
 0001:00002bd0       ?_Xlen@?$vector@PAV?$CBaseMsgBufFSE@UsTCANDATA@@@@V?$allocator@PAV?$CBaseMsgBufFSE@UsTCANDATA@@@@@std@@@std@@IBEXXZ 10003bd0 f i ClientBuffer.obj
 0001:00002bf0       ??0?$_Vector_val@U?$_Simple_types@PAV?$CBaseMsgBufFSE@UsTCANDATA@@@@@std@@@std@@QAE@XZ 10003bf0 f i ClientBuffer.obj
 0001:00002c20       ??0?$_Tree_unchecked_const_iterator@V?$_Tree_val@U?$_Tree_simple_types@U?$pair@$$CBKPAVCClientBuffer@@@std@@@std@@@std@@U_Iterator_base0@2@@std@@QAE@PAU?$_Tree_node@U?$pair@$$CBKPAVCClientBuffer@@@std@@PAX@1@PBV?$_Tree_val@U?$_Tree_simple_types@U?$pair@$$CBKPAVCClientBuffer@@@std@@@std@@@1@@Z 10003c20 f i ClientList.obj
 0001:00002c20       ??0?$_Tree_unchecked_const_iterator@V?$_Tree_val@U?$_Tree_simple_types@U?$pair@$$CBHPAUtagHardwareContainer@CHardwareListing@@@std@@@std@@@std@@U_Iterator_base0@2@@std@@QAE@PAU?$_Tree_node@U?$pair@$$CBHPAUtagHardwareContainer@CHardwareListing@@@std@@PAX@1@PBV?$_Tree_val@U?$_Tree_simple_types@U?$pair@$$CBHPAUtagHardwareContainer@CHardwareListing@@@std@@@std@@@1@@Z 10003c20 f i DIL_CAN_IXXAT_VCI.obj
 0001:00002c20       ??0?$_Vector_const_iterator@V?$_Vector_val@U?$_Simple_types@PAV?$CBaseMsgBufFSE@UsTCANDATA@@@@@std@@@std@@@std@@QAE@PAPAV?$CBaseMsgBufFSE@UsTCANDATA@@@@PBU_Container_base0@1@@Z 10003c20 f i ClientBuffer.obj
 0001:00002c50       ?capacity@?$vector@PAV?$CBaseMsgBufFSE@UsTCANDATA@@@@V?$allocator@PAV?$CBaseMsgBufFSE@UsTCANDATA@@@@@std@@@std@@QBEIXZ 10003c50 f i ClientBuffer.obj
 0001:00002c70       ?allocate@?$_Wrap_alloc@V?$allocator@PAV?$CBaseMsgBufFSE@UsTCANDATA@@@@@std@@@std@@QAEPAPAV?$CBaseMsgBufFSE@UsTCANDATA@@@@I@Z 10003c70 f i ClientBuffer.obj
 0001:00002c90       ?max_size@?$_Wrap_alloc@V?$allocator@PAV?$CBaseMsgBufFSE@UsTCANDATA@@@@@std@@@std@@QBEIXZ 10003c90 f i ClientBuffer.obj
 0001:00002cb0       ?allocate@?$allocator@PAV?$CBaseMsgBufFSE@UsTCANDATA@@@@@std@@QAEPAPAV?$CBaseMsgBufFSE@UsTCANDATA@@@@I@Z 10003cb0 f i ClientBuffer.obj
 0001:00002cd0       ?max_size@?$allocator_traits@V?$allocator@PAV?$CBaseMsgBufFSE@UsTCANDATA@@@@@std@@@std@@SAIABV?$allocator@PAV?$CBaseMsgBufFSE@UsTCANDATA@@@@@2@@Z 10003cd0 f i ClientBuffer.obj
 0001:00002ce0       ?max_size@?$allocator@PAV?$CBaseMsgBufFSE@UsTCANDATA@@@@@std@@QBEIXZ 10003ce0 f i ClientBuffer.obj
 0001:00002cf0       ??$construct@PAV?$CBaseMsgBufFSE@UsTCANDATA@@@@ABQAV1@@?$_Wrap_alloc@V?$allocator@PAV?$CBaseMsgBufFSE@UsTCANDATA@@@@@std@@@std@@QAEXPAPAV?$CBaseMsgBufFSE@UsTCANDATA@@@@ABQAV2@@Z 10003cf0 f i ClientBuffer.obj
 0001:00002d20       ??$_Move@PAPAV?$CBaseMsgBufFSE@UsTCANDATA@@@@PAPAV1@@std@@YAPAPAV?$CBaseMsgBufFSE@UsTCANDATA@@@@PAPAV1@00@Z 10003d20 f i ClientBuffer.obj
 0001:00002d60       ??$_Destroy_range@U?$_Wrap_alloc@V?$allocator@PAV?$CBaseMsgBufFSE@UsTCANDATA@@@@@std@@@std@@@std@@YAXPAPAV?$CBaseMsgBufFSE@UsTCANDATA@@@@0AAU?$_Wrap_alloc@V?$allocator@PAV?$CBaseMsgBufFSE@UsTCANDATA@@@@@std@@@0@@Z 10003d60 f i ClientBuffer.obj
 0001:00002da0       ??$_Umove@PAPAV?$CBaseMsgBufFSE@UsTCANDATA@@@@@?$vector@PAV?$CBaseMsgBufFSE@UsTCANDATA@@@@V?$allocator@PAV?$CBaseMsgBufFSE@UsTCANDATA@@@@@std@@@std@@IAEPAPAV?$CBaseMsgBufFSE@UsTCANDATA@@@@PAPAV2@00@Z 10003da0 f i ClientBuffer.obj
 0001:00002de0       ??$_Allocate@PAV?$CBaseMsgBufFSE@UsTCANDATA@@@@@std@@YAPAPAV?$CBaseMsgBufFSE@UsTCANDATA@@@@IPAPAV1@@Z 10003de0 f i ClientBuffer.obj
 0001:00002e30       ??$construct@PAV?$CBaseMsgBufFSE@UsTCANDATA@@@@ABQAV1@@?$allocator_traits@V?$allocator@PAV?$CBaseMsgBufFSE@UsTCANDATA@@@@@std@@@std@@SAXAAV?$allocator@PAV?$CBaseMsgBufFSE@UsTCANDATA@@@@@1@PAPAV?$CBaseMsgBufFSE@UsTCANDATA@@@@ABQAV3@@Z 10003e30 f i ClientBuffer.obj
 0001:00002e50       ??$_Ptr_cat@PAV?$CBaseMsgBufFSE@UsTCANDATA@@@@PAV1@@std@@YA?AU_Scalar_ptr_iterator_tag@0@PAPAV?$CBaseMsgBufFSE@UsTCANDATA@@@@0@Z 10003e50 f i ClientBuffer.obj
 0001:00002e60       ??$_Move@PAPAV?$CBaseMsgBufFSE@UsTCANDATA@@@@PAPAV1@@std@@YAPAPAV?$CBaseMsgBufFSE@UsTCANDATA@@@@PAPAV1@00U_Scalar_ptr_iterator_tag@0@@Z 10003e60 f i ClientBuffer.obj
 0001:00002ea0       ??$_Uninitialized_move@PAPAV?$CBaseMsgBufFSE@UsTCANDATA@@@@PAPAV1@U?$_Wrap_alloc@V?$allocator@PAV?$CBaseMsgBufFSE@UsTCANDATA@@@@@std@@@std@@@std@@YAPAPAV?$CBaseMsgBufFSE@UsTCANDATA@@@@PAPAV1@00AAU?$_Wrap_alloc@V?$allocator@PAV?$CBaseMsgBufFSE@UsTCANDATA@@@@@std@@@0@@Z 10003ea0 f i ClientBuffer.obj
 0001:00002ef0       ?construct@?$allocator@PAV?$CBaseMsgBufFSE@UsTCANDATA@@@@@std@@QAEXPAPAV?$CBaseMsgBufFSE@UsTCANDATA@@@@ABQAV3@@Z 10003ef0 f i ClientBuffer.obj
 0001:00002f30       ??$_Val_type@PAPAV?$CBaseMsgBufFSE@UsTCANDATA@@@@@std@@YAPAPAV?$CBaseMsgBufFSE@UsTCANDATA@@@@PAPAV1@@Z 10003f30 f i ClientBuffer.obj
 0001:00002f40       ??$_Uninit_move@PAV?$CBaseMsgBufFSE@UsTCANDATA@@@@PAV1@PAV1@@std@@YAPAPAV?$CBaseMsgBufFSE@UsTCANDATA@@@@PAPAV1@00AAU?$_Wrap_alloc@V?$allocator@PAV?$CBaseMsgBufFSE@UsTCANDATA@@@@@std@@@0@0U_Scalar_ptr_iterator_tag@0@@Z 10003f40 f i ClientBuffer.obj
 0001:00002f80       ?compare@?$char_traits@D@std@@SAHPBD0I@Z 10003f80 f i ClientList.obj
 0001:00002fc0       ??0CClientList@@QAE@XZ     10003fc0 f   ClientList.obj
 0001:00002fe0       ??1?$map@HPAUtagHardwareContainer@CHardwareListing@@U?$less@H@std@@V?$allocator@U?$pair@$$CBHPAUtagHardwareContainer@CHardwareListing@@@std@@@4@@std@@QAE@XZ 10003fe0 f i DIL_CAN_IXXAT_VCI.obj
 0001:00002fe0       ??1?$map@KPAVCClientBuffer@@U?$less@K@std@@V?$allocator@U?$pair@$$CBKPAVCClientBuffer@@@std@@@3@@std@@QAE@XZ 10003fe0 f i ClientList.obj
 0001:00003000       ??1CClientList@@QAE@XZ     10004000 f   ClientList.obj
 0001:00003020       ?DeleteAllEntries@CClientList@@QAEXXZ 10004020 f   ClientList.obj
 0001:000030c0       ??_GCClientBuffer@@QAEPAXI@Z 100040c0 f i ClientList.obj
 0001:000030f0       ?RegisterClient@CClientList@@QAEJAAKV?$basic_string@DU?$char_traits@D@std@@V?$allocator@D@2@@std@@@Z 100040f0 f   ClientList.obj
 0001:00003240       ?RemoveClient@CClientList@@QAEJK@Z 10004240 f   ClientList.obj
 0001:000032f0       ?GetClientByID@CClientList@@QAEPAVCClientBuffer@@K@Z 100042f0 f   ClientList.obj
 0001:00003350       ?GetClientByIndex@CClientList@@QAEPAVCClientBuffer@@H@Z 10004350 f   ClientList.obj
 0001:000033e0       ?GetClient@CClientList@@IAEPAVCClientBuffer@@V?$basic_string@DU?$char_traits@D@std@@V?$allocator@D@2@@std@@@Z 100043e0 f   ClientList.obj
 0001:000034b0       ?RemoveAllMsgBufOnAllClients@CClientList@@QAEJXZ 100044b0 f   ClientList.obj
 0001:00003510       ?compare@?$basic_string@DU?$char_traits@D@std@@V?$allocator@D@2@@std@@QBEHABV12@@Z 10004510 f i ClientList.obj
 0001:00003540       ??0?$map@HPAUtagHardwareContainer@CHardwareListing@@U?$less@H@std@@V?$allocator@U?$pair@$$CBHPAUtagHardwareContainer@CHardwareListing@@@std@@@4@@std@@QAE@XZ 10004540 f i HardwareListing.obj
 0001:00003540       ??0?$map@KPAVCClientBuffer@@U?$less@K@std@@V?$allocator@U?$pair@$$CBKPAVCClientBuffer@@@std@@@3@@std@@QAE@XZ 10004540 f i ClientList.obj
 0001:00003570       ??A?$map@KPAVCClientBuffer@@U?$less@K@std@@V?$allocator@U?$pair@$$CBKPAVCClientBuffer@@@std@@@3@@std@@QAEAAPAVCClientBuffer@@ABK@Z 10004570 f i ClientList.obj
 0001:00003620       ??1?$_Tree@V?$_Tmap_traits@KPAVCClientBuffer@@U?$less@K@std@@V?$allocator@U?$pair@$$CBKPAVCClientBuffer@@@std@@@3@$0A@@std@@@std@@QAE@XZ 10004620 f i ClientList.obj
 0001:00003620       ??1?$_Tree@V?$_Tmap_traits@HPAUtagHardwareContainer@CHardwareListing@@U?$less@H@std@@V?$allocator@U?$pair@$$CBHPAUtagHardwareContainer@CHardwareListing@@@std@@@4@$0A@@std@@@std@@QAE@XZ 10004620 f i DIL_CAN_IXXAT_VCI.obj
 0001:00003640       ?begin@?$_Tree@V?$_Tmap_traits@HPAUtagHardwareContainer@CHardwareListing@@U?$less@H@std@@V?$allocator@U?$pair@$$CBHPAUtagHardwareContainer@CHardwareListing@@@std@@@4@$0A@@std@@@std@@QAE?AV?$_Tree_iterator@V?$_Tree_val@U?$_Tree_simple_types@U?$pair@$$CBHPAUtagHardwareContainer@CHardwareListing@@@std@@@std@@@std@@@2@XZ 10004640 f i DIL_CAN_IXXAT_VCI.obj
 0001:00003640       ?begin@?$_Tree@V?$_Tmap_traits@KPAVCClientBuffer@@U?$less@K@std@@V?$allocator@U?$pair@$$CBKPAVCClientBuffer@@@std@@@3@$0A@@std@@@std@@QAE?AV?$_Tree_iterator@V?$_Tree_val@U?$_Tree_simple_types@U?$pair@$$CBKPAVCClientBuffer@@@std@@@std@@@std@@@2@XZ 10004640 f i ClientList.obj
 0001:00003670       ?end@?$_Tree@V?$_Tmap_traits@KPAVCClientBuffer@@U?$less@K@std@@V?$allocator@U?$pair@$$CBKPAVCClientBuffer@@@std@@@3@$0A@@std@@@std@@QAE?AV?$_Tree_iterator@V?$_Tree_val@U?$_Tree_simple_types@U?$pair@$$CBKPAVCClientBuffer@@@std@@@std@@@std@@@2@XZ 10004670 f i ClientList.obj
 0001:00003670       ?end@?$_Tree@V?$_Tmap_traits@HPAUtagHardwareContainer@CHardwareListing@@U?$less@H@std@@V?$allocator@U?$pair@$$CBHPAUtagHardwareContainer@CHardwareListing@@@std@@@4@$0A@@std@@@std@@QAE?AV?$_Tree_iterator@V?$_Tree_val@U?$_Tree_simple_types@U?$pair@$$CBHPAUtagHardwareContainer@CHardwareListing@@@std@@@std@@@std@@@2@XZ 10004670 f i DIL_CAN_IXXAT_VCI.obj
 0001:000036a0       ?erase@?$_Tree@V?$_Tmap_traits@KPAVCClientBuffer@@U?$less@K@std@@V?$allocator@U?$pair@$$CBKPAVCClientBuffer@@@std@@@3@$0A@@std@@@std@@QAE?AV?$_Tree_iterator@V?$_Tree_val@U?$_Tree_simple_types@U?$pair@$$CBKPAVCClientBuffer@@@std@@@std@@@std@@@2@V?$_Tree_const_iterator@V?$_Tree_val@U?$_Tree_simple_types@U?$pair@$$CBKPAVCClientBuffer@@@std@@@std@@@std@@@2@@Z 100046a0 f i ClientList.obj
 0001:000036a0       ?erase@?$_Tree@V?$_Tmap_traits@HPAUtagHardwareContainer@CHardwareListing@@U?$less@H@std@@V?$allocator@U?$pair@$$CBHPAUtagHardwareContainer@CHardwareListing@@@std@@@4@$0A@@std@@@std@@QAE?AV?$_Tree_iterator@V?$_Tree_val@U?$_Tree_simple_types@U?$pair@$$CBHPAUtagHardwareContainer@CHardwareListing@@@std@@@std@@@std@@@2@V?$_Tree_const_iterator@V?$_Tree_val@U?$_Tree_simple_types@U?$pair@$$CBHPAUtagHardwareContainer@CHardwareListing@@@std@@@std@@@std@@@2@@Z 100046a0 f i DIL_CAN_IXXAT_VCI.obj
 0001:00003e40       ?clear@?$_Tree@V?$_Tmap_traits@HPAUtagHardwareContainer@CHardwareListing@@U?$less@H@std@@V?$allocator@U?$pair@$$CBHPAUtagHardwareContainer@CHardwareListing@@@std@@@4@$0A@@std@@@std@@QAEXXZ 10004e40 f i DIL_CAN_IXXAT_VCI.obj
 0001:00003e40       ?clear@?$_Tree@V?$_Tmap_traits@KPAVCClientBuffer@@U?$less@K@std@@V?$allocator@U?$pair@$$CBKPAVCClientBuffer@@@std@@@3@$0A@@std@@@std@@QAEXXZ 10004e40 f i ClientList.obj
 0001:00003ea0       ?find@?$_Tree@V?$_Tmap_traits@KPAVCClientBuffer@@U?$less@K@std@@V?$allocator@U?$pair@$$CBKPAVCClientBuffer@@@std@@@3@$0A@@std@@@std@@QAE?AV?$_Tree_iterator@V?$_Tree_val@U?$_Tree_simple_types@U?$pair@$$CBKPAVCClientBuffer@@@std@@@std@@@std@@@2@ABK@Z 10004ea0 f i ClientList.obj
 0001:00003f40       ??0?$_Tree_iterator@V?$_Tree_val@U?$_Tree_simple_types@U?$pair@$$CBKPAVCClientBuffer@@@std@@@std@@@std@@@std@@QAE@XZ 10004f40 f i ClientList.obj
 0001:00003f40       ??0?$_Tree_iterator@V?$_Tree_val@U?$_Tree_simple_types@U?$pair@$$CBHPAUtagHardwareContainer@CHardwareListing@@@std@@@std@@@std@@@std@@QAE@XZ 10004f40 f i HardwareListing.obj
 0001:00003f60       ??C?$_Tree_iterator@V?$_Tree_val@U?$_Tree_simple_types@U?$pair@$$CBKPAVCClientBuffer@@@std@@@std@@@std@@@std@@QBEPAU?$pair@$$CBKPAVCClientBuffer@@@1@XZ 10004f60 f i ClientList.obj
 0001:00003f60       ??C?$_Tree_iterator@V?$_Tree_val@U?$_Tree_simple_types@U?$pair@$$CBHPAUtagHardwareContainer@CHardwareListing@@@std@@@std@@@std@@@std@@QBEPAU?$pair@$$CBHPAUtagHardwareContainer@CHardwareListing@@@1@XZ 10004f60 f i HardwareListing.obj
 0001:00003f80       ??E?$_Tree_iterator@V?$_Tree_val@U?$_Tree_simple_types@U?$pair@$$CBKPAVCClientBuffer@@@std@@@std@@@std@@@std@@QAEAAV01@XZ 10004f80 f i ClientList.obj
 0001:00003f80       ??E?$_Tree_iterator@V?$_Tree_val@U?$_Tree_simple_types@U?$pair@$$CBHPAUtagHardwareContainer@CHardwareListing@@@std@@@std@@@std@@@std@@QAEAAV01@XZ 10004f80 f i HardwareListing.obj
 0001:00003fa0       ??9?$_Tree_const_iterator@V?$_Tree_val@U?$_Tree_simple_types@U?$pair@$$CBKPAVCClientBuffer@@@std@@@std@@@std@@@std@@QBE_NABV01@@Z 10004fa0 f i ClientList.obj
 0001:00003fa0       ??9?$_Tree_const_iterator@V?$_Tree_val@U?$_Tree_simple_types@U?$pair@$$CBHPAUtagHardwareContainer@CHardwareListing@@@std@@@std@@@std@@@std@@QBE_NABV01@@Z 10004fa0 f i DIL_CAN_IXXAT_VCI.obj
 0001:00003fe0       ??1?$_Tree_comp@$0A@V?$_Tmap_traits@KPAVCClientBuffer@@U?$less@K@std@@V?$allocator@U?$pair@$$CBKPAVCClientBuffer@@@std@@@3@$0A@@std@@@std@@QAE@XZ 10004fe0 f i ClientList.obj
 0001:00003fe0       ??1?$_Tree_comp@$0A@V?$_Tmap_traits@HPAUtagHardwareContainer@CHardwareListing@@U?$less@H@std@@V?$allocator@U?$pair@$$CBHPAUtagHardwareContainer@CHardwareListing@@@std@@@4@$0A@@std@@@std@@QAE@XZ 10004fe0 f i DIL_CAN_IXXAT_VCI.obj
 0001:00004000       ??1?$_Tree_buy@U?$pair@$$CBHPAUtagHardwareContainer@CHardwareListing@@@std@@V?$allocator@U?$pair@$$CBHPAUtagHardwareContainer@CHardwareListing@@@std@@@2@@std@@QAE@XZ 10005000 f i DIL_CAN_IXXAT_VCI.obj
 0001:00004000       ??1?$_Tree_buy@U?$pair@$$CBKPAVCClientBuffer@@@std@@V?$allocator@U?$pair@$$CBKPAVCClientBuffer@@@std@@@2@@std@@QAE@XZ 10005000 f i ClientList.obj
 0001:00004020       ?compare@?$basic_string@DU?$char_traits@D@std@@V?$allocator@D@2@@std@@QBEHIIPBDI@Z 10005020 f i ClientList.obj
 0001:000040e0       ??0?$_Tree@V?$_Tmap_traits@KPAVCClientBuffer@@U?$less@K@std@@V?$allocator@U?$pair@$$CBKPAVCClientBuffer@@@std@@@3@$0A@@std@@@std@@QAE@ABU?$less@K@1@ABV?$allocator@U?$pair@$$CBKPAVCClientBuffer@@@std@@@1@@Z 100050e0 f i ClientList.obj
 0001:000040e0       ??0?$_Tree@V?$_Tmap_traits@HPAUtagHardwareContainer@CHardwareListing@@U?$less@H@std@@V?$allocator@U?$pair@$$CBHPAUtagHardwareContainer@CHardwareListing@@@std@@@4@$0A@@std@@@std@@QAE@ABU?$less@H@1@ABV?$allocator@U?$pair@$$CBHPAUtagHardwareContainer@CHardwareListing@@@std@@@1@@Z 100050e0 f i HardwareListing.obj
 0001:00004100       ?lower_bound@?$_Tree@V?$_Tmap_traits@KPAVCClientBuffer@@U?$less@K@std@@V?$allocator@U?$pair@$$CBKPAVCClientBuffer@@@std@@@3@$0A@@std@@@std@@QAE?AV?$_Tree_iterator@V?$_Tree_val@U?$_Tree_simple_types@U?$pair@$$CBKPAVCClientBuffer@@@std@@@std@@@std@@@2@ABK@Z 10005100 f i ClientList.obj
 0001:00004130       ?_Erase@?$_Tree@V?$_Tmap_traits@HPAUtagHardwareContainer@CHardwareListing@@U?$less@H@std@@V?$allocator@U?$pair@$$CBHPAUtagHardwareContainer@CHardwareListing@@@std@@@4@$0A@@std@@@std@@IAEXPAU?$_Tree_node@U?$pair@$$CBHPAUtagHardwareContainer@CHardwareListing@@@std@@PAX@2@@Z 10005130 f i DIL_CAN_IXXAT_VCI.obj
 0001:00004130       ?_Erase@?$_Tree@V?$_Tmap_traits@KPAVCClientBuffer@@U?$less@K@std@@V?$allocator@U?$pair@$$CBKPAVCClientBuffer@@@std@@@3@$0A@@std@@@std@@IAEXPAU?$_Tree_node@U?$pair@$$CBKPAVCClientBuffer@@@std@@PAX@2@@Z 10005130 f i ClientList.obj
 0001:000041d0       ?_Lmost@?$_Tree@V?$_Tmap_traits@HPAUtagHardwareContainer@CHardwareListing@@U?$less@H@std@@V?$allocator@U?$pair@$$CBHPAUtagHardwareContainer@CHardwareListing@@@std@@@4@$0A@@std@@@std@@IBEAAPAU?$_Tree_node@U?$pair@$$CBHPAUtagHardwareContainer@CHardwareListing@@@std@@PAX@2@XZ 100051d0 f i DIL_CAN_IXXAT_VCI.obj
 0001:000041d0       ?_Lmost@?$_Tree@V?$_Tmap_traits@KPAVCClientBuffer@@U?$less@K@std@@V?$allocator@U?$pair@$$CBKPAVCClientBuffer@@@std@@@3@$0A@@std@@@std@@IBEAAPAU?$_Tree_node@U?$pair@$$CBKPAVCClientBuffer@@@std@@PAX@2@XZ 100051d0 f i ClientList.obj
 0001:000041f0       ?_Lrotate@?$_Tree@V?$_Tmap_traits@HPAUtagHardwareContainer@CHardwareListing@@U?$less@H@std@@V?$allocator@U?$pair@$$CBHPAUtagHardwareContainer@CHardwareListing@@@std@@@4@$0A@@std@@@std@@IAEXPAU?$_Tree_node@U?$pair@$$CBHPAUtagHardwareContainer@CHardwareListing@@@std@@PAX@2@@Z 100051f0 f i DIL_CAN_IXXAT_VCI.obj
 0001:000041f0       ?_Lrotate@?$_Tree@V?$_Tmap_traits@KPAVCClientBuffer@@U?$less@K@std@@V?$allocator@U?$pair@$$CBKPAVCClientBuffer@@@std@@@3@$0A@@std@@@std@@IAEXPAU?$_Tree_node@U?$pair@$$CBKPAVCClientBuffer@@@std@@PAX@2@@Z 100051f0 f i ClientList.obj
 0001:00004320       ?_Rmost@?$_Tree@V?$_Tmap_traits@KPAVCClientBuffer@@U?$less@K@std@@V?$allocator@U?$pair@$$CBKPAVCClientBuffer@@@std@@@3@$0A@@std@@@std@@IBEAAPAU?$_Tree_node@U?$pair@$$CBKPAVCClientBuffer@@@std@@PAX@2@XZ 10005320 f i ClientList.obj
 0001:00004320       ?_Rmost@?$_Tree@V?$_Tmap_traits@HPAUtagHardwareContainer@CHardwareListing@@U?$less@H@std@@V?$allocator@U?$pair@$$CBHPAUtagHardwareContainer@CHardwareListing@@@std@@@4@$0A@@std@@@std@@IBEAAPAU?$_Tree_node@U?$pair@$$CBHPAUtagHardwareContainer@CHardwareListing@@@std@@PAX@2@XZ 10005320 f i DIL_CAN_IXXAT_VCI.obj
 0001:00004340       ?_Root@?$_Tree@V?$_Tmap_traits@KPAVCClientBuffer@@U?$less@K@std@@V?$allocator@U?$pair@$$CBKPAVCClientBuffer@@@std@@@3@$0A@@std@@@std@@IBEAAPAU?$_Tree_node@U?$pair@$$CBKPAVCClientBuffer@@@std@@PAX@2@XZ 10005340 f i ClientList.obj
 0001:00004340       ?_Root@?$_Tree@V?$_Tmap_traits@HPAUtagHardwareContainer@CHardwareListing@@U?$less@H@std@@V?$allocator@U?$pair@$$CBHPAUtagHardwareContainer@CHardwareListing@@@std@@@4@$0A@@std@@@std@@IBEAAPAU?$_Tree_node@U?$pair@$$CBHPAUtagHardwareContainer@CHardwareListing@@@std@@PAX@2@XZ 10005340 f i DIL_CAN_IXXAT_VCI.obj
 0001:00004360       ?_Rrotate@?$_Tree@V?$_Tmap_traits@KPAVCClientBuffer@@U?$less@K@std@@V?$allocator@U?$pair@$$CBKPAVCClientBuffer@@@std@@@3@$0A@@std@@@std@@IAEXPAU?$_Tree_node@U?$pair@$$CBKPAVCClientBuffer@@@std@@PAX@2@@Z 10005360 f i ClientList.obj
 0001:00004360       ?_Rrotate@?$_Tree@V?$_Tmap_traits@HPAUtagHardwareContainer@CHardwareListing@@U?$less@H@std@@V?$allocator@U?$pair@$$CBHPAUtagHardwareContainer@CHardwareListing@@@std@@@4@$0A@@std@@@std@@IAEXPAU?$_Tree_node@U?$pair@$$CBHPAUtagHardwareContainer@CHardwareListing@@@std@@PAX@2@@Z 10005360 f i DIL_CAN_IXXAT_VCI.obj
 0001:00004490       ?_Tidy@?$_Tree@V?$_Tmap_traits@HPAUtagHardwareContainer@CHardwareListing@@U?$less@H@std@@V?$allocator@U?$pair@$$CBHPAUtagHardwareContainer@CHardwareListing@@@std@@@4@$0A@@std@@@std@@IAEXXZ 10005490 f i DIL_CAN_IXXAT_VCI.obj
 0001:00004490       ?_Tidy@?$_Tree@V?$_Tmap_traits@KPAVCClientBuffer@@U?$less@K@std@@V?$allocator@U?$pair@$$CBKPAVCClientBuffer@@@std@@@3@$0A@@std@@@std@@IAEXXZ 10005490 f i ClientList.obj
 0001:000044e0       ?_Key@?$_Tree@V?$_Tmap_traits@KPAVCClientBuffer@@U?$less@K@std@@V?$allocator@U?$pair@$$CBKPAVCClientBuffer@@@std@@@3@$0A@@std@@@std@@IBEABKPAU?$_Tree_node@U?$pair@$$CBKPAVCClientBuffer@@@std@@PAX@2@@Z 100054e0 f i ClientList.obj
 0001:000044e0       ?_Key@?$_Tree@V?$_Tmap_traits@HPAUtagHardwareContainer@CHardwareListing@@U?$less@H@std@@V?$allocator@U?$pair@$$CBHPAUtagHardwareContainer@CHardwareListing@@@std@@@4@$0A@@std@@@std@@IBEABHPAU?$_Tree_node@U?$pair@$$CBHPAUtagHardwareContainer@CHardwareListing@@@std@@PAX@2@@Z 100054e0 f i HardwareListing.obj
 0001:00004510       ??R?$less@K@std@@QBE_NABK0@Z 10005510 f i ClientList.obj
 0001:00004540       ?_Getcomp@?$_Tree_comp@$0A@V?$_Tmap_traits@HPAUtagHardwareContainer@CHardwareListing@@U?$less@H@std@@V?$allocator@U?$pair@$$CBHPAUtagHardwareContainer@CHardwareListing@@@std@@@4@$0A@@std@@@std@@QBE?AU?$less@H@2@XZ 10005540 f i HardwareListing.obj
 0001:00004540       ?_Getcomp@?$_Tree_comp@$0A@V?$_Tmap_traits@KPAVCClientBuffer@@U?$less@K@std@@V?$allocator@U?$pair@$$CBKPAVCClientBuffer@@@std@@@3@$0A@@std@@@std@@QBE?AU?$less@K@2@XZ 10005540 f i ClientList.obj
 0001:00004550       ??1?$_Tree_alloc@$0A@U?$_Tree_base_types@U?$pair@$$CBHPAUtagHardwareContainer@CHardwareListing@@@std@@V?$allocator@U?$pair@$$CBHPAUtagHardwareContainer@CHardwareListing@@@std@@@2@@std@@@std@@QAE@XZ 10005550 f i DIL_CAN_IXXAT_VCI.obj
 0001:00004550       ??1?$_Tree_alloc@$0A@U?$_Tree_base_types@U?$pair@$$CBKPAVCClientBuffer@@@std@@V?$allocator@U?$pair@$$CBKPAVCClientBuffer@@@std@@@2@@std@@@std@@QAE@XZ 10005550 f i ClientList.obj
 0001:00004570       ?_Color@?$_Tree_val@U?$_Tree_simple_types@U?$pair@$$CBHPAUtagHardwareContainer@CHardwareListing@@@std@@@std@@@std@@SAAADPAU?$_Tree_node@U?$pair@$$CBHPAUtagHardwareContainer@CHardwareListing@@@std@@PAX@2@@Z 10005570 f i DIL_CAN_IXXAT_VCI.obj
 0001:00004570       ?_Color@?$_Tree_val@U?$_Tree_simple_types@U?$pair@$$CBKPAVCClientBuffer@@@std@@@std@@@std@@SAAADPAU?$_Tree_node@U?$pair@$$CBKPAVCClientBuffer@@@std@@PAX@2@@Z 10005570 f i ClientList.obj
 0001:00004580       ?_Isnil@?$_Tree_val@U?$_Tree_simple_types@U?$pair@$$CBHPAUtagHardwareContainer@CHardwareListing@@@std@@@std@@@std@@SAAADPAU?$_Tree_node@U?$pair@$$CBHPAUtagHardwareContainer@CHardwareListing@@@std@@PAX@2@@Z 10005580 f i DIL_CAN_IXXAT_VCI.obj
 0001:00004580       ?_Isnil@?$_Tree_val@U?$_Tree_simple_types@U?$pair@$$CBKPAVCClientBuffer@@@std@@@std@@@std@@SAAADPAU?$_Tree_node@U?$pair@$$CBKPAVCClientBuffer@@@std@@PAX@2@@Z 10005580 f i ClientList.obj
 0001:00004590       ?_Parent@?$_Tree_val@U?$_Tree_simple_types@U?$pair@$$CBHPAUtagHardwareContainer@CHardwareListing@@@std@@@std@@@std@@SAAAPAU?$_Tree_node@U?$pair@$$CBHPAUtagHardwareContainer@CHardwareListing@@@std@@PAX@2@PAU32@@Z 10005590 f i DIL_CAN_IXXAT_VCI.obj
 0001:00004590       ?_Parent@?$_Tree_val@U?$_Tree_simple_types@U?$pair@$$CBKPAVCClientBuffer@@@std@@@std@@@std@@SAAAPAU?$_Tree_node@U?$pair@$$CBKPAVCClientBuffer@@@std@@PAX@2@PAU32@@Z 10005590 f i ClientList.obj
 0001:000045a0       ?_Right@?$_Tree_val@U?$_Tree_simple_types@U?$pair@$$CBKPAVCClientBuffer@@@std@@@std@@@std@@SAAAPAU?$_Tree_node@U?$pair@$$CBKPAVCClientBuffer@@@std@@PAX@2@PAU32@@Z 100055a0 f i ClientList.obj
 0001:000045a0       ?_Right@?$_Tree_val@U?$_Tree_simple_types@U?$pair@$$CBHPAUtagHardwareContainer@CHardwareListing@@@std@@@std@@@std@@SAAAPAU?$_Tree_node@U?$pair@$$CBHPAUtagHardwareContainer@CHardwareListing@@@std@@PAX@2@PAU32@@Z 100055a0 f i DIL_CAN_IXXAT_VCI.obj
 0001:000045b0       ?_Myval@?$_Tree_val@U?$_Tree_simple_types@U?$pair@$$CBHPAUtagHardwareContainer@CHardwareListing@@@std@@@std@@@std@@SAAAU?$pair@$$CBHPAUtagHardwareContainer@CHardwareListing@@@2@PAU?$_Tree_node@U?$pair@$$CBHPAUtagHardwareContainer@CHardwareListing@@@std@@PAX@2@@Z 100055b0 f i DIL_CAN_IXXAT_VCI.obj
 0001:000045b0       ?_Myval@?$_Tree_val@U?$_Tree_simple_types@U?$pair@$$CBKPAVCClientBuffer@@@std@@@std@@@std@@SAAAU?$pair@$$CBKPAVCClientBuffer@@@2@PAU?$_Tree_node@U?$pair@$$CBKPAVCClientBuffer@@@std@@PAX@2@@Z 100055b0 f i ClientList.obj
 0001:000045c0       ?_Max@?$_Tree_val@U?$_Tree_simple_types@U?$pair@$$CBKPAVCClientBuffer@@@std@@@std@@@std@@SAPAU?$_Tree_node@U?$pair@$$CBKPAVCClientBuffer@@@std@@PAX@2@PAU32@@Z 100055c0 f i ClientList.obj
 0001:000045c0       ?_Max@?$_Tree_val@U?$_Tree_simple_types@U?$pair@$$CBHPAUtagHardwareContainer@CHardwareListing@@@std@@@std@@@std@@SAPAU?$_Tree_node@U?$pair@$$CBHPAUtagHardwareContainer@CHardwareListing@@@std@@PAX@2@PAU32@@Z 100055c0 f i DIL_CAN_IXXAT_VCI.obj
 0001:00004600       ?_Min@?$_Tree_val@U?$_Tree_simple_types@U?$pair@$$CBHPAUtagHardwareContainer@CHardwareListing@@@std@@@std@@@std@@SAPAU?$_Tree_node@U?$pair@$$CBHPAUtagHardwareContainer@CHardwareListing@@@std@@PAX@2@PAU32@@Z 10005600 f i DIL_CAN_IXXAT_VCI.obj
 0001:00004600       ?_Min@?$_Tree_val@U?$_Tree_simple_types@U?$pair@$$CBKPAVCClientBuffer@@@std@@@std@@@std@@SAPAU?$_Tree_node@U?$pair@$$CBKPAVCClientBuffer@@@std@@PAX@2@PAU32@@Z 10005600 f i ClientList.obj
 0001:00004640       ??0?$_Tree_iterator@V?$_Tree_val@U?$_Tree_simple_types@U?$pair@$$CBKPAVCClientBuffer@@@std@@@std@@@std@@@std@@QAE@PAU?$_Tree_node@U?$pair@$$CBKPAVCClientBuffer@@@std@@PAX@1@PBV?$_Tree_val@U?$_Tree_simple_types@U?$pair@$$CBKPAVCClientBuffer@@@std@@@std@@@1@@Z 10005640 f i ClientList.obj
 0001:00004640       ??0?$_Tree_iterator@V?$_Tree_val@U?$_Tree_simple_types@U?$pair@$$CBHPAUtagHardwareContainer@CHardwareListing@@@std@@@std@@@std@@@std@@QAE@PAU?$_Tree_node@U?$pair@$$CBHPAUtagHardwareContainer@CHardwareListing@@@std@@PAX@1@PBV?$_Tree_val@U?$_Tree_simple_types@U?$pair@$$CBHPAUtagHardwareContainer@CHardwareListing@@@std@@@std@@@1@@Z 10005640 f i DIL_CAN_IXXAT_VCI.obj
 0001:00004660       ??D?$_Tree_iterator@V?$_Tree_val@U?$_Tree_simple_types@U?$pair@$$CBHPAUtagHardwareContainer@CHardwareListing@@@std@@@std@@@std@@@std@@QBEAAU?$pair@$$CBHPAUtagHardwareContainer@CHardwareListing@@@1@XZ 10005660 f i HardwareListing.obj
 0001:00004660       ??D?$_Tree_iterator@V?$_Tree_val@U?$_Tree_simple_types@U?$pair@$$CBKPAVCClientBuffer@@@std@@@std@@@std@@@std@@QBEAAU?$pair@$$CBKPAVCClientBuffer@@@1@XZ 10005660 f i ClientList.obj
 0001:00004680       ??E?$_Tree_const_iterator@V?$_Tree_val@U?$_Tree_simple_types@U?$pair@$$CBHPAUtagHardwareContainer@CHardwareListing@@@std@@@std@@@std@@@std@@QAEAAV01@XZ 10005680 f i DIL_CAN_IXXAT_VCI.obj
 0001:00004680       ??E?$_Tree_const_iterator@V?$_Tree_val@U?$_Tree_simple_types@U?$pair@$$CBKPAVCClientBuffer@@@std@@@std@@@std@@@std@@QAEAAV01@XZ 10005680 f i ClientList.obj
 0001:000046a0       ??8?$_Tree_const_iterator@V?$_Tree_val@U?$_Tree_simple_types@U?$pair@$$CBKPAVCClientBuffer@@@std@@@std@@@std@@@std@@QBE_NABV01@@Z 100056a0 f i ClientList.obj
 0001:000046a0       ??8?$_Tree_const_iterator@V?$_Tree_val@U?$_Tree_simple_types@U?$pair@$$CBHPAUtagHardwareContainer@CHardwareListing@@@std@@@std@@@std@@@std@@QBE_NABV01@@Z 100056a0 f i DIL_CAN_IXXAT_VCI.obj
 0001:000046d0       ?pointer_to@?$pointer_traits@PAU?$pair@$$CBKPAVCClientBuffer@@@std@@@std@@SAPAU?$pair@$$CBKPAVCClientBuffer@@@2@AAU32@@Z 100056d0 f i ClientList.obj
 0001:000046d0       ?pointer_to@?$pointer_traits@PAU?$pair@$$CBHPAUtagHardwareContainer@CHardwareListing@@@std@@@std@@SAPAU?$pair@$$CBHPAUtagHardwareContainer@CHardwareListing@@@2@AAU32@@Z 100056d0 f i HardwareListing.obj
 0001:000046f0       ?erase@?$_Tree@V?$_Tmap_traits@KPAVCClientBuffer@@U?$less@K@std@@V?$allocator@U?$pair@$$CBKPAVCClientBuffer@@@std@@@3@$0A@@std@@@std@@QAE?AV?$_Tree_iterator@V?$_Tree_val@U?$_Tree_simple_types@U?$pair@$$CBKPAVCClientBuffer@@@std@@@std@@@std@@@2@V?$_Tree_const_iterator@V?$_Tree_val@U?$_Tree_simple_types@U?$pair@$$CBKPAVCClientBuffer@@@std@@@std@@@std@@@2@0@Z 100056f0 f i ClientList.obj
 0001:000046f0       ?erase@?$_Tree@V?$_Tmap_traits@HPAUtagHardwareContainer@CHardwareListing@@U?$less@H@std@@V?$allocator@U?$pair@$$CBHPAUtagHardwareContainer@CHardwareListing@@@std@@@4@$0A@@std@@@std@@QAE?AV?$_Tree_iterator@V?$_Tree_val@U?$_Tree_simple_types@U?$pair@$$CBHPAUtagHardwareContainer@CHardwareListing@@@std@@@std@@@std@@@2@V?$_Tree_const_iterator@V?$_Tree_val@U?$_Tree_simple_types@U?$pair@$$CBHPAUtagHardwareContainer@CHardwareListing@@@std@@@std@@@std@@@2@0@Z 100056f0 f i DIL_CAN_IXXAT_VCI.obj
 0001:000047a0       ?_Lbound@?$_Tree@V?$_Tmap_traits@KPAVCClientBuffer@@U?$less@K@std@@V?$allocator@U?$pair@$$CBKPAVCClientBuffer@@@std@@@3@$0A@@std@@@std@@IAEPAU?$_Tree_node@U?$pair@$$CBKPAVCClientBuffer@@@std@@PAX@2@ABK@Z 100057a0 f i ClientList.obj
 0001:00004840       ?_Kfn@?$_Tree@V?$_Tmap_traits@KPAVCClientBuffer@@U?$less@K@std@@V?$allocator@U?$pair@$$CBKPAVCClientBuffer@@@std@@@3@$0A@@std@@@std@@IBEABKABU?$pair@$$CBKPAVCClientBuffer@@@2@@Z 10005840 f i ClientList.obj
 0001:00004840       ?_Kfn@?$_Tree@V?$_Tmap_traits@HPAUtagHardwareContainer@CHardwareListing@@U?$less@H@std@@V?$allocator@U?$pair@$$CBHPAUtagHardwareContainer@CHardwareListing@@@std@@@4@$0A@@std@@@std@@IBEABHABU?$pair@$$CBHPAUtagHardwareContainer@CHardwareListing@@@2@@Z 10005840 f i HardwareListing.obj
 0001:00004860       ??0?$_Tree_comp@$0A@V?$_Tmap_traits@HPAUtagHardwareContainer@CHardwareListing@@U?$less@H@std@@V?$allocator@U?$pair@$$CBHPAUtagHardwareContainer@CHardwareListing@@@std@@@4@$0A@@std@@@std@@QAE@ABU?$less@H@1@ABV?$allocator@U?$pair@$$CBHPAUtagHardwareContainer@CHardwareListing@@@std@@@1@@Z 10005860 f i HardwareListing.obj
 0001:00004860       ??0?$_Tree_comp@$0A@V?$_Tmap_traits@KPAVCClientBuffer@@U?$less@K@std@@V?$allocator@U?$pair@$$CBKPAVCClientBuffer@@@std@@@3@$0A@@std@@@std@@QAE@ABU?$less@K@1@ABV?$allocator@U?$pair@$$CBKPAVCClientBuffer@@@std@@@1@@Z 10005860 f i ClientList.obj
 0001:00004880       ?_Freeheadnode@?$_Tree_alloc@$0A@U?$_Tree_base_types@U?$pair@$$CBHPAUtagHardwareContainer@CHardwareListing@@@std@@V?$allocator@U?$pair@$$CBHPAUtagHardwareContainer@CHardwareListing@@@std@@@2@@std@@@std@@QAEXPAU?$_Tree_node@U?$pair@$$CBHPAUtagHardwareContainer@CHardwareListing@@@std@@PAX@2@@Z 10005880 f i DIL_CAN_IXXAT_VCI.obj
 0001:00004880       ?_Freeheadnode@?$_Tree_alloc@$0A@U?$_Tree_base_types@U?$pair@$$CBKPAVCClientBuffer@@@std@@V?$allocator@U?$pair@$$CBKPAVCClientBuffer@@@std@@@2@@std@@@std@@QAEXPAU?$_Tree_node@U?$pair@$$CBKPAVCClientBuffer@@@std@@PAX@2@@Z 10005880 f i ClientList.obj
 0001:00004880       ?_Freenode0@?$_Tree_buy@U?$pair@$$CBHPAUtagHardwareContainer@CHardwareListing@@@std@@V?$allocator@U?$pair@$$CBHPAUtagHardwareContainer@CHardwareListing@@@std@@@2@@std@@QAEXPAU?$_Tree_node@U?$pair@$$CBHPAUtagHardwareContainer@CHardwareListing@@@std@@PAX@2@@Z 10005880 f i HardwareListing.obj
 0001:00004880       ?_Freenode0@?$_Tree_buy@U?$pair@$$CBKPAVCClientBuffer@@@std@@V?$allocator@U?$pair@$$CBKPAVCClientBuffer@@@std@@@2@@std@@QAEXPAU?$_Tree_node@U?$pair@$$CBKPAVCClientBuffer@@@std@@PAX@2@@Z 10005880 f i ClientList.obj
 0001:00004930       ??D?$_Tree_const_iterator@V?$_Tree_val@U?$_Tree_simple_types@U?$pair@$$CBKPAVCClientBuffer@@@std@@@std@@@std@@@std@@QBEABU?$pair@$$CBKPAVCClientBuffer@@@1@XZ 10005930 f i ClientList.obj
 0001:00004930       ??D?$_Tree_const_iterator@V?$_Tree_val@U?$_Tree_simple_types@U?$pair@$$CBHPAUtagHardwareContainer@CHardwareListing@@@std@@@std@@@std@@@std@@QBEABU?$pair@$$CBHPAUtagHardwareContainer@CHardwareListing@@@1@XZ 10005930 f i HardwareListing.obj
 0001:00004950       ??E?$_Tree_unchecked_const_iterator@V?$_Tree_val@U?$_Tree_simple_types@U?$pair@$$CBKPAVCClientBuffer@@@std@@@std@@@std@@U_Iterator_base0@2@@std@@QAEAAV01@XZ 10005950 f i ClientList.obj
 0001:00004950       ??E?$_Tree_unchecked_const_iterator@V?$_Tree_val@U?$_Tree_simple_types@U?$pair@$$CBHPAUtagHardwareContainer@CHardwareListing@@@std@@@std@@@std@@U_Iterator_base0@2@@std@@QAEAAV01@XZ 10005950 f i DIL_CAN_IXXAT_VCI.obj
 0001:00004a10       ??0?$_Tree_buy@U?$pair@$$CBHPAUtagHardwareContainer@CHardwareListing@@@std@@V?$allocator@U?$pair@$$CBHPAUtagHardwareContainer@CHardwareListing@@@std@@@2@@std@@QAE@ABV?$allocator@U?$pair@$$CBHPAUtagHardwareContainer@CHardwareListing@@@std@@@1@@Z 10005a10 f i HardwareListing.obj
 0001:00004a10       ??0?$_Tree_buy@U?$pair@$$CBKPAVCClientBuffer@@@std@@V?$allocator@U?$pair@$$CBKPAVCClientBuffer@@@std@@@2@@std@@QAE@ABV?$allocator@U?$pair@$$CBKPAVCClientBuffer@@@std@@@1@@Z 10005a10 f i ClientList.obj
 0001:00004a30       ??E?$_Tree_const_iterator@V?$_Tree_val@U?$_Tree_simple_types@U?$pair@$$CBKPAVCClientBuffer@@@std@@@std@@@std@@@std@@QAE?AV01@H@Z 10005a30 f i ClientList.obj
 0001:00004a30       ??E?$_Tree_const_iterator@V?$_Tree_val@U?$_Tree_simple_types@U?$pair@$$CBHPAUtagHardwareContainer@CHardwareListing@@@std@@@std@@@std@@@std@@QAE?AV01@H@Z 10005a30 f i DIL_CAN_IXXAT_VCI.obj
 0001:00004a60       ??0?$_Tree_alloc@$0A@U?$_Tree_base_types@U?$pair@$$CBHPAUtagHardwareContainer@CHardwareListing@@@std@@V?$allocator@U?$pair@$$CBHPAUtagHardwareContainer@CHardwareListing@@@std@@@2@@std@@@std@@QAE@ABV?$allocator@U?$pair@$$CBHPAUtagHardwareContainer@CHardwareListing@@@std@@@1@@Z 10005a60 f i HardwareListing.obj
 0001:00004a60       ??0?$_Tree_alloc@$0A@U?$_Tree_base_types@U?$pair@$$CBKPAVCClientBuffer@@@std@@V?$allocator@U?$pair@$$CBKPAVCClientBuffer@@@std@@@2@@std@@@std@@QAE@ABV?$allocator@U?$pair@$$CBKPAVCClientBuffer@@@std@@@1@@Z 10005a60 f i ClientList.obj
 0001:00004a90       ?_Buyheadnode@?$_Tree_alloc@$0A@U?$_Tree_base_types@U?$pair@$$CBHPAUtagHardwareContainer@CHardwareListing@@@std@@V?$allocator@U?$pair@$$CBHPAUtagHardwareContainer@CHardwareListing@@@std@@@2@@std@@@std@@QAEPAU?$_Tree_node@U?$pair@$$CBHPAUtagHardwareContainer@CHardwareListing@@@std@@PAX@2@XZ 10005a90 f i HardwareListing.obj
 0001:00004a90       ?_Buyheadnode@?$_Tree_alloc@$0A@U?$_Tree_base_types@U?$pair@$$CBKPAVCClientBuffer@@@std@@V?$allocator@U?$pair@$$CBKPAVCClientBuffer@@@std@@@2@@std@@@std@@QAEPAU?$_Tree_node@U?$pair@$$CBKPAVCClientBuffer@@@std@@PAX@2@XZ 10005a90 f i ClientList.obj
 0001:00004bf0       ??0?$_Tree_val@U?$_Tree_simple_types@U?$pair@$$CBKPAVCClientBuffer@@@std@@@std@@@std@@QAE@XZ 10005bf0 f i ClientList.obj
 0001:00004bf0       ??0?$_Tree_val@U?$_Tree_simple_types@U?$pair@$$CBHPAUtagHardwareContainer@CHardwareListing@@@std@@@std@@@std@@QAE@XZ 10005bf0 f i HardwareListing.obj
 0001:00004c20       ?allocate@?$_Wrap_alloc@V?$allocator@U?$_Tree_node@U?$pair@$$CBHPAUtagHardwareContainer@CHardwareListing@@@std@@PAX@std@@@std@@@std@@QAEPAU?$_Tree_node@U?$pair@$$CBHPAUtagHardwareContainer@CHardwareListing@@@std@@PAX@2@I@Z 10005c20 f i HardwareListing.obj
 0001:00004c20       ?allocate@?$_Wrap_alloc@V?$allocator@U?$_Tree_node@U?$pair@$$CBKPAVCClientBuffer@@@std@@PAX@std@@@std@@@std@@QAEPAU?$_Tree_node@U?$pair@$$CBKPAVCClientBuffer@@@std@@PAX@2@I@Z 10005c20 f i ClientList.obj
 0001:00004c40       ?allocate@?$allocator@U?$_Tree_node@U?$pair@$$CBKPAVCClientBuffer@@@std@@PAX@std@@@std@@QAEPAU?$_Tree_node@U?$pair@$$CBKPAVCClientBuffer@@@std@@PAX@2@I@Z 10005c40 f i ClientList.obj
 0001:00004c40       ?allocate@?$allocator@U?$_Tree_node@U?$pair@$$CBHPAUtagHardwareContainer@CHardwareListing@@@std@@PAX@std@@@std@@QAEPAU?$_Tree_node@U?$pair@$$CBHPAUtagHardwareContainer@CHardwareListing@@@std@@PAX@2@I@Z 10005c40 f i HardwareListing.obj
 0001:00004c60       ??$?0AAHAAPAUtagHardwareContainer@CHardwareListing@@@?$pair@HPAUtagHardwareContainer@CHardwareListing@@@std@@QAE@AAHAAPAUtagHardwareContainer@CHardwareListing@@PAPAX@Z 10005c60 f i HardwareListing.obj
 0001:00004c60       ??$?0ABKPAVCClientBuffer@@@?$pair@KPAVCClientBuffer@@@std@@QAE@ABK$$QAPAVCClientBuffer@@PAPAX@Z 10005c60 f i ClientList.obj
 0001:00004ca0       ??$insert@U?$pair@KPAVCClientBuffer@@@std@@@?$_Tree@V?$_Tmap_traits@KPAVCClientBuffer@@U?$less@K@std@@V?$allocator@U?$pair@$$CBKPAVCClientBuffer@@@std@@@3@$0A@@std@@@std@@QAE?AV?$_Tree_iterator@V?$_Tree_val@U?$_Tree_simple_types@U?$pair@$$CBKPAVCClientBuffer@@@std@@@std@@@std@@@1@V?$_Tree_const_iterator@V?$_Tree_val@U?$_Tree_simple_types@U?$pair@$$CBKPAVCClientBuffer@@@std@@@std@@@std@@@1@$$QAU?$pair@KPAVCClientBuffer@@@1@@Z 10005ca0 f i ClientList.obj
 0001:00004cf0       ??$swap@D@std@@YAXAAD0@Z   10005cf0 f i ClientList.obj
 0001:00004d30       ??$_Allocate@U?$_Tree_node@U?$pair@$$CBHPAUtagHardwareContainer@CHardwareListing@@@std@@PAX@std@@@std@@YAPAU?$_Tree_node@U?$pair@$$CBHPAUtagHardwareContainer@CHardwareListing@@@std@@PAX@0@IPAU10@@Z 10005d30 f i HardwareListing.obj
 0001:00004d30       ??$_Allocate@U?$_Tree_node@U?$pair@$$CBKPAVCClientBuffer@@@std@@PAX@std@@@std@@YAPAU?$_Tree_node@U?$pair@$$CBKPAVCClientBuffer@@@std@@PAX@0@IPAU10@@Z 10005d30 f i ClientList.obj
[...]
 0002:00002eac       __catchsym$??$_Buynode@U?$pair@HPAUtagHardwareContainer@CHardwareListing@@@std@@@?$_Tree_buy@U?$pair@$$CBHPAUtagHardwareContainer@CHardwareListing@@@std@@V?$allocator@U?$pair@$$CBHPAUtagHardwareContainer@CHardwareListing@@@std@@@2@@std@@QAEPAU?$_Tree_node@U?$pair@$$CBHPAUtagHardwareContainer@CHardwareListing@@@std@@PAX@1@$$QAU?$pair@HPAUtagHardwareContainer@CHardwareListing@@@1@@Z$2 10014eac     * CIL library *:* CIL module *
 0002:00002eac       __catchsym$??$_Buynode@U?$pair@KPAVCClientBuffer@@@std@@@?$_Tree_buy@U?$pair@$$CBKPAVCClientBuffer@@@std@@V?$allocator@U?$pair@$$CBKPAVCClientBuffer@@@std@@@2@@std@@QAEPAU?$_Tree_node@U?$pair@$$CBKPAVCClientBuffer@@@std@@PAX@1@$$QAU?$pair@KPAVCClientBuffer@@@1@@Z$2 10014eac     * CIL library *:* CIL module *
 0002:00002ebc       __ehfuncinfo$?_Buyheadnode@?$_Tree_alloc@$0A@U?$_Tree_base_types@U?$pair@$$CBKPAVCClientBuffer@@@std@@V?$allocator@U?$pair@$$CBKPAVCClientBuffer@@@std@@@2@@std@@@std@@QAEPAU?$_Tree_node@U?$pair@$$CBKPAVCClientBuffer@@@std@@PAX@2@XZ 10014ebc     * CIL library *:* CIL module *
 0002:00002ebc       __ehfuncinfo$?_Buyheadnode@?$_Tree_alloc@$0A@U?$_Tree_base_types@U?$pair@$$CBHPAUtagHardwareContainer@CHardwareListing@@@std@@V?$allocator@U?$pair@$$CBHPAUtagHardwareContainer@CHardwareListing@@@std@@@2@@std@@@std@@QAEPAU?$_Tree_node@U?$pair@$$CBHPAUtagHardwareContainer@CHardwareListing@@@std@@PAX@2@XZ 10014ebc     * CIL library *:* CIL module *
 0002:00002ee0       __unwindtable$?_Buyheadnode@?$_Tree_alloc@$0A@U?$_Tree_base_types@U?$pair@$$CBKPAVCClientBuffer@@@std@@V?$allocator@U?$pair@$$CBKPAVCClientBuffer@@@std@@@2@@std@@@std@@QAEPAU?$_Tree_node@U?$pair@$$CBKPAVCClientBuffer@@@std@@PAX@2@XZ 10014ee0     * CIL library *:* CIL module *
 0002:00002ee0       __unwindtable$?_Buyheadnode@?$_Tree_alloc@$0A@U?$_Tree_base_types@U?$pair@$$CBHPAUtagHardwareContainer@CHardwareListing@@@std@@V?$allocator@U?$pair@$$CBHPAUtagHardwareContainer@CHardwareListing@@@std@@@2@@std@@@std@@QAEPAU?$_Tree_node@U?$pair@$$CBHPAUtagHardwareContainer@CHardwareListing@@@std@@PAX@2@XZ 10014ee0     * CIL library *:* CIL module *
 0002:00002ef0       __tryblocktable$?_Buyheadnode@?$_Tree_alloc@$0A@U?$_Tree_base_types@U?$pair@$$CBKPAVCClientBuffer@@@std@@V?$allocator@U?$pair@$$CBKPAVCClientBuffer@@@std@@@2@@std@@@std@@QAEPAU?$_Tree_node@U?$pair@$$CBKPAVCClientBuffer@@@std@@PAX@2@XZ 10014ef0     * CIL library *:* CIL module *
 0002:00002ef0       __tryblocktable$?_Buyheadnode@?$_Tree_alloc@$0A@U?$_Tree_base_types@U?$pair@$$CBHPAUtagHardwareContainer@CHardwareListing@@@std@@V?$allocator@U?$pair@$$CBHPAUtagHardwareContainer@CHardwareListing@@@std@@@2@@std@@@std@@QAEPAU?$_Tree_node@U?$pair@$$CBHPAUtagHardwareContainer@CHardwareListing@@@std@@PAX@2@XZ 10014ef0     * CIL library *:* CIL module *
 0002:00002f04       __catchsym$?_Buyheadnode@?$_Tree_alloc@$0A@U?$_Tree_base_types@U?$pair@$$CBHPAUtagHardwareContainer@CHardwareListing@@@std@@V?$allocator@U?$pair@$$CBHPAUtagHardwareContainer@CHardwareListing@@@std@@@2@@std@@@std@@QAEPAU?$_Tree_node@U?$pair@$$CBHPAUtagHardwareContainer@CHardwareListing@@@std@@PAX@2@XZ$2 10014f04     * CIL library *:* CIL module *
 0002:00002f04       __catchsym$?_Buyheadnode@?$_Tree_alloc@$0A@U?$_Tree_base_types@U?$pair@$$CBKPAVCClientBuffer@@@std@@V?$allocator@U?$pair@$$CBKPAVCClientBuffer@@@std@@@2@@std@@@std@@QAEPAU?$_Tree_node@U?$pair@$$CBKPAVCClientBuffer@@@std@@PAX@2@XZ$2 10014f04     * CIL library *:* CIL module *
 0002:00002f14       __ehfuncinfo$?GetClient@CClientList@@IAEPAVCClientBuffer@@V?$basic_string@DU?$char_traits@D@std@@V?$allocator@D@2@@std@@@Z 10014f14     * CIL library *:* CIL module *
 0002:00002f38       __unwindtable$?GetClient@CClientList@@IAEPAVCClientBuffer@@V?$basic_string@DU?$char_traits@D@std@@V?$allocator@D@2@@std@@@Z 10014f38     * CIL library *:* CIL module *
 0002:00002f40       __ehfuncinfo$?RegisterClient@CClientList@@QAEJAAKV?$basic_string@DU?$char_traits@D@std@@V?$allocator@D@2@@std@@@Z 10014f40     * CIL library *:* CIL module *
 0002:00002f64       __unwindtable$?RegisterClient@CClientList@@QAEJAAKV?$basic_string@DU?$char_traits@D@std@@V?$allocator@D@2@@std@@@Z 10014f64     * CIL library *:* CIL module *
 0002:00002f78       __ehfuncinfo$??__Esg_ListDIL_MSG_TYPE@@YAXXZ 10014f78     * CIL library *:* CIL module *
 0002:00002fa0       __unwindtable$??__Esg_ListDIL_MSG_TYPE@@YAXXZ 10014fa0     * CIL library *:* CIL module *
 0002:00002fe8       __ehfuncinfo$??$?6U?$char_traits@D@std@@@std@@YAAAV?$basic_ostream@DU?$char_traits@D@std@@@0@AAV10@PBD@Z 10014fe8     * CIL library *:* CIL module *
 0002:0000300c       __unwindtable$??$?6U?$char_traits@D@std@@@std@@YAAAV?$basic_ostream@DU?$char_traits@D@std@@@0@AAV10@PBD@Z 1001500c     * CIL library *:* CIL module *
 0002:00003024       __tryblocktable$??$?6U?$char_traits@D@std@@@std@@YAAAV?$basic_ostream@DU?$char_traits@D@std@@@0@AAV10@PBD@Z 10015024     * CIL library *:* CIL module *
 0002:00003038       __catchsym$??$?6U?$char_traits@D@std@@@std@@YAAAV?$basic_ostream@DU?$char_traits@D@std@@@0@AAV10@PBD@Z$3 10015038     * CIL library *:* CIL module *
 0002:00003048       __ehfuncinfo$??0sentry@?$basic_ostream@DU?$char_traits@D@std@@@std@@QAE@AAV12@@Z 10015048     * CIL library *:* CIL module *
 0002:0000306c       __unwindtable$??0sentry@?$basic_ostream@DU?$char_traits@D@std@@@std@@QAE@AAV12@@Z 1001506c     * CIL library *:* CIL module *
 0002:00003074       __ehfuncinfo$??0?$basic_stringbuf@DU?$char_traits@D@std@@V?$allocator@D@2@@std@@QAE@H@Z 10015074     * CIL library *:* CIL module *
 0002:00003098       __unwindtable$??0?$basic_stringbuf@DU?$char_traits@D@std@@V?$allocator@D@2@@std@@QAE@H@Z 10015098     * CIL library *:* CIL module *
 0002:000030a0       __ehfuncinfo$??0?$basic_ostringstream@DU?$char_traits@D@std@@V?$allocator@D@2@@std@@QAE@H@Z 100150a0     * CIL library *:* CIL module *
 0002:000030c4       __unwindtable$??0?$basic_ostringstream@DU?$char_traits@D@std@@V?$allocator@D@2@@std@@QAE@H@Z 100150c4     * CIL library *:* CIL module *
 0002:000030d4       __ehfuncinfo$?LogMessage@CDIL_CAN_IXXAT_VCI@@QAAXHPBDZZ 100150d4     * CIL library *:* CIL module *
 0002:000030f8       __unwindtable$?LogMessage@CDIL_CAN_IXXAT_VCI@@QAAXHPBDZZ 100150f8     * CIL library *:* CIL module *
 0002:00003108       __ehfuncinfo$?VciDeviceInfoAddToArray@CDIL_CAN_IXXAT_VCI@@IAEHHPAU_VCIDEVICEINFO@@AAY0CA@VINTERFACE_HW@@@Z 10015108     * CIL library *:* CIL module *
 0002:0000312c       __unwindtable$?VciDeviceInfoAddToArray@CDIL_CAN_IXXAT_VCI@@IAEHHPAU_VCIDEVICEINFO@@AAY0CA@VINTERFACE_HW@@@Z 1001512c     * CIL library *:* CIL module *
 0002:00003134       __ehfuncinfo$?CAN_DisplayConfigDlg@CDIL_CAN_IXXAT_VCI@@UAEJPAVsCONTROLLERDETAILS@@AAH@Z 10015134     * CIL library *:* CIL module *
 0002:00003158       __unwindtable$?CAN_DisplayConfigDlg@CDIL_CAN_IXXAT_VCI@@UAEJPAVsCONTROLLERDETAILS@@AAH@Z 10015158     * CIL library *:* CIL module *
 0002:00003168       __ehfuncinfo$?CAN_SelectHwInterface@CDIL_CAN_IXXAT_VCI@@UAEJAAY0CA@$$CBVINTERFACE_HW@@H@Z 10015168     * CIL library *:* CIL module *
 0002:0000318c       __unwindtable$?CAN_SelectHwInterface@CDIL_CAN_IXXAT_VCI@@UAEJAAY0CA@$$CBVINTERFACE_HW@@H@Z 1001518c     * CIL library *:* CIL module *
 0002:00003194       __ehfuncinfo$??1CHardwareListing@@UAE@XZ 10015194     * CIL library *:* CIL module *
 0002:000031b8       __unwindtable$??1CHardwareListing@@UAE@XZ 100151b8     * CIL library *:* CIL module *
 0002:000031e8       __ehfuncinfo$?ListHardwareInterfaces@@YAHPAUHWND__@@KPAVINTERFACE_HW@@PAHAAH@Z 100151e8     * CIL library *:* CIL module *
 0002:0000320c       __unwindtable$?ListHardwareInterfaces@@YAHPAUHWND__@@KPAVINTERFACE_HW@@PAHAAH@Z 1001520c     * CIL library *:* CIL module *
 0002:00003224       __ehfuncinfo$??0INTERFACE_HW@@QAE@XZ 10015224     * CIL library *:* CIL module *
 0002:00003248       __unwindtable$??0INTERFACE_HW@@QAE@XZ 10015248     * CIL library *:* CIL module *
 0002:00003268       __ehfuncinfo$??__Esg_ListDIL_MSG_TYPE@@YAXXZ 10015268     * CIL library *:* CIL module *
 0002:00003290       __unwindtable$??__Esg_ListDIL_MSG_TYPE@@YAXXZ 10015290     * CIL library *:* CIL module *
 0002:000032d8       __ehfuncinfo$??1CDIL_CAN_IXXAT_VCI@@QAE@XZ 100152d8     * CIL library *:* CIL module *
 0002:000032fc       __unwindtable$??1CDIL_CAN_IXXAT_VCI@@QAE@XZ 100152fc     * CIL library *:* CIL module *
 0002:0000331c       __ehfuncinfo$??0CDIL_CAN_IXXAT_VCI@@QAE@XZ 1001531c     * CIL library *:* CIL module *
 0002:00003340       __unwindtable$??0CDIL_CAN_IXXAT_VCI@@QAE@XZ 10015340     * CIL library *:* CIL module *
 0002:00003358       __ehfuncinfo$??$_Insert_nohint@AAU?$pair@$$CBHPAUtagHardwareContainer@CHardwareListing@@@std@@PAU?$_Tree_node@U?$pair@$$CBHPAUtagHardwareContainer@CHardwareListing@@@std@@PAX@2@@?$_Tree@V?$_Tmap_traits@HPAUtagHardwareContainer@CHardwareListing@@U?$less@H@std@@V?$allocator@U?$pair@$$CBHPAUtagHardwareContainer@CHardwareListing@@@std@@@4@$0A@@std@@@std@@IAE?AU?$pair@V?$_Tree_iterator@V?$_Tree_val@U?$_Tree_simple_types@U?$pair@$$CBHPAUtagHardwareContainer@CHardwareListing@@@std@@@std@@@std@@@std@@_N@1@_NAAU?$pair@$$CBHPAUtagHardwareContainer@CHardwareListing@@@1@PAU?$_Tree_node@U?$pair@$$CBHPAUtagHardwareContainer@CHardwareListing@@@std@@PAX@1@@Z 10015358     * CIL library *:* CIL module *
 0002:0000337c       __unwindtable$??$_Insert_nohint@AAU?$pair@$$CBHPAUtagHardwareContainer@CHardwareListing@@@std@@PAU?$_Tree_node@U?$pair@$$CBHPAUtagHardwareContainer@CHardwareListing@@@std@@PAX@2@@?$_Tree@V?$_Tmap_traits@HPAUtagHardwareContainer@CHardwareListing@@U?$less@H@std@@V?$allocator@U?$pair@$$CBHPAUtagHardwareContainer@CHardwareListing@@@std@@@4@$0A@@std@@@std@@IAE?AU?$pair@V?$_Tree_iterator@V?$_Tree_val@U?$_Tree_simple_types@U?$pair@$$CBHPAUtagHardwareContainer@CHardwareListing@@@std@@@std@@@std@@@std@@_N@1@_NAAU?$pair@$$CBHPAUtagHardwareContainer@CHardwareListing@@@1@PAU?$_Tree_node@U?$pair@$$CBHPAUtagHardwareContainer@CHardwareListing@@@std@@PAX@1@@Z 1001537c     * CIL library *:* CIL module *
 0002:0000338c       __tryblocktable$??$_Insert_nohint@AAU?$pair@$$CBHPAUtagHardwareContainer@CHardwareListing@@@std@@PAU?$_Tree_node@U?$pair@$$CBHPAUtagHardwareContainer@CHardwareListing@@@std@@PAX@2@@?$_Tree@V?$_Tmap_traits@HPAUtagHardwareContainer@CHardwareListing@@U?$less@H@std@@V?$allocator@U?$pair@$$CBHPAUtagHardwareContainer@CHardwareListing@@@std@@@4@$0A@@std@@@std@@IAE?AU?$pair@V?$_Tree_iterator@V?$_Tree_val@U?$_Tree_simple_types@U?$pair@$$CBHPAUtagHardwareContainer@CHardwareListing@@@std@@@std@@@std@@@std@@_N@1@_NAAU?$pair@$$CBHPAUtagHardwareContainer@CHardwareListing@@@1@PAU?$_Tree_node@U?$pair@$$CBHPAUtagHardwareContainer@CHardwareListing@@@std@@PAX@1@@Z 1001538c     * CIL library *:* CIL module *
 0002:000033a0       __catchsym$??$_Insert_nohint@AAU?$pair@$$CBHPAUtagHardwareContainer@CHardwareListing@@@std@@PAU?$_Tree_node@U?$pair@$$CBHPAUtagHardwareContainer@CHardwareListing@@@std@@PAX@2@@?$_Tree@V?$_Tmap_traits@HPAUtagHardwareContainer@CHardwareListing@@U?$less@H@std@@V?$allocator@U?$pair@$$CBHPAUtagHardwareContainer@CHardwareListing@@@std@@@4@$0A@@std@@@std@@IAE?AU?$pair@V?$_Tree_iterator@V?$_Tree_val@U?$_Tree_simple_types@U?$pair@$$CBHPAUtagHardwareContainer@CHardwareListing@@@std@@@std@@@std@@@std@@_N@1@_NAAU?$pair@$$CBHPAUtagHardwareContainer@CHardwareListing@@@1@PAU?$_Tree_node@U?$pair@$$CBHPAUtagHardwareContainer@CHardwareListing@@@std@@PAX@1@@Z$2 100153a0     * CIL library *:* CIL module *
 0002:000033b0       __ehfuncinfo$??0tagHardwareContainer@CHardwareListing@@QAE@XZ 100153b0     * CIL library *:* CIL module *
 0002:000033b0       __ehfuncinfo$??1tagHardwareContainer@CHardwareListing@@QAE@XZ 100153b0     * CIL library *:* CIL module *
 0002:000033d4       __unwindtable$??0tagHardwareContainer@CHardwareListing@@QAE@XZ 100153d4     * CIL library *:* CIL module *
 0002:000033d4       __unwindtable$??1tagHardwareContainer@CHardwareListing@@QAE@XZ 100153d4     * CIL library *:* CIL module *
 0002:000033e4       __ehfuncinfo$?vSortHardwareItems@CHardwareListing@@QAEXXZ 100153e4     * CIL library *:* CIL module *
 0002:00003408       __unwindtable$?vSortHardwareItems@CHardwareListing@@QAEXXZ 10015408     * CIL library *:* CIL module *
 0002:00003418       __ehfuncinfo$?vSetSelectedList@CHardwareListing@@QAEXXZ 10015418     * CIL library *:* CIL module *
 0002:0000343c       __unwindtable$?vSetSelectedList@CHardwareListing@@QAEXXZ 1001543c     * CIL library *:* CIL module *
 0002:0000344c       __ehfuncinfo$?OnOK@CHardwareListing@@MAEXXZ 1001544c     * CIL library *:* CIL module *
 0002:00003470       __unwindtable$?OnOK@CHardwareListing@@MAEXXZ 10015470     * CIL library *:* CIL module *
 0002:00003478       __ehfuncinfo$?OnButtonRemove@CHardwareListing@@IAEXXZ 10015478     * CIL library *:* CIL module *
 0002:0000349c       __unwindtable$?OnButtonRemove@CHardwareListing@@IAEXXZ 1001549c     * CIL library *:* CIL module *
 0002:000034ac       __ehfuncinfo$?OnButtonSelect@CHardwareListing@@IAEXXZ 100154ac     * CIL library *:* CIL module *
 0002:000034d0       __unwindtable$?OnButtonSelect@CHardwareListing@@IAEXXZ 100154d0     * CIL library *:* CIL module *
 0002:000034e8       __ehfuncinfo$?vUpdateHwDetails@CHardwareListing@@QAEXH@Z 100154e8     * CIL library *:* CIL module *
 0002:000034e8       __ehfuncinfo$?UpdateBTRFields@CCANControllerConfigDlg@@IAEXH@Z 100154e8     * CIL library *:* CIL module *
 0002:0000350c       __unwindtable$?vUpdateHwDetails@CHardwareListing@@QAEXH@Z 1001550c     * CIL library *:* CIL module *
 0002:0000350c       __unwindtable$?UpdateBTRFields@CCANControllerConfigDlg@@IAEXH@Z 1001550c     * CIL library *:* CIL module *
 0002:00003514       __ehfuncinfo$?vSetHardwareList@CHardwareListing@@QAEXPAVINTERFACE_HW@@H@Z 10015514     * CIL library *:* CIL module *
 0002:00003538       __unwindtable$?vSetHardwareList@CHardwareListing@@QAEXPAVINTERFACE_HW@@H@Z 10015538     * CIL library *:* CIL module *
 0002:00003540       __ehfuncinfo$??__Esg_ListDIL_MSG_TYPE@@YAXXZ 10015540     * CIL library *:* CIL module *
 0002:00003568       __unwindtable$??__Esg_ListDIL_MSG_TYPE@@YAXXZ 10015568     * CIL library *:* CIL module *
 0002:000035b0       __ehfuncinfo$??0CHardwareListing@@QAE@PAVINTERFACE_HW@@HPAHPAVCWnd@@@Z 100155b0     * CIL library *:* CIL module *
 0002:000035d8       __unwindtable$??0CHardwareListing@@QAE@PAVINTERFACE_HW@@HPAHPAVCWnd@@@Z 100155d8     * CIL library *:* CIL module *
 0002:00003618       __ehfuncinfo$??__Esg_ListDIL_MSG_TYPE@@YAXXZ 10015618     * CIL library *:* CIL module *
 0002:00003640       __unwindtable$??__Esg_ListDIL_MSG_TYPE@@YAXXZ 10015640     * CIL library *:* CIL module *
 0002:00003688       __ehfuncinfo$??__Esg_ListDIL_MSG_TYPE@@YAXXZ 10015688     * CIL library *:* CIL module *
 0002:000036b0       __unwindtable$??__Esg_ListDIL_MSG_TYPE@@YAXXZ 100156b0     * CIL library *:* CIL module *
 0002:000036f8       __ehfuncinfo$?LoadLangResourceDLL@CMultiLanguage@@SAPAUHINSTANCE__@@PBDG@Z 100156f8     * CIL library *:* CIL module *
 0002:0000371c       __unwindtable$?LoadLangResourceDLL@CMultiLanguage@@SAPAUHINSTANCE__@@PBDG@Z 1001571c     * CIL library *:* CIL module *
 0002:00003bfc       .idata$6                   10015bfc     mfc42:MFC42.dll
 0002:00003c66       .idata$6                   10015c66     msvcrt:MSVCR110.dll
 0002:00004004       .idata$6                   10016004     kernel32:KERNEL32.dll
 0002:00004032       .idata$6                   10016032     user32:USER32.dll
 0002:00004070       .idata$6                   10016070     advapi32:ADVAPI32.dll
 0002:0000408e       .idata$6                   1001608e     ole32:ole32.dll
 0002:00004c44       .idata$6                   10016c44     msvcprt:MSVCP110.dll
 0002:00004c90       .edata                     10016c90     CAN_IXXAT_VCI.exp
 0002:00004cb8       rgpv                       10016cb8     CAN_IXXAT_VCI.exp
 0002:00004cbc       rgszName                   10016cbc     CAN_IXXAT_VCI.exp
 0002:00004cc0       rgwOrd                     10016cc0     CAN_IXXAT_VCI.exp
 0002:00004cc2       szName                     10016cc2     CAN_IXXAT_VCI.exp
 0002:00004cd4       $N00001                    10016cd4     CAN_IXXAT_VCI.exp
 0003:000004a0       _g_pfGetText               100174a0     Utils:MultiLanguageSupport.obj
 0003:000004a4       _g_pfTextDomain            100174a4     Utils:MultiLanguageSupport.obj
 0003:000004a8       _g_pfBindTextDomain        100174a8     Utils:MultiLanguageSupport.obj
 0003:000004ac       _g_hLibIntl                100174ac     Utils:MultiLanguageSupport.obj
 0003:000004bc       _controlDLL                100174bc     mfcs42:dllmodul.obj
 0003:000004d0       _afxModuleState            100174d0     mfcs42:dllmodul.obj
 0003:00001568       ___proc_attached           10018568     msvcrt:crtdll.obj
 0003:00001570       _GS_ExceptionRecord        10018570     msvcrt:gs_report.obj
 0003:000015c0       _GS_ContextRecord          100185c0     msvcrt:gs_report.obj
 0003:0000188c       _DebuggerWasPresent        1001888c     msvcrt:gs_report.obj
 0003:00001898       _g_pouDIL_CAN_IXXAT_VCI    10018898     * CIL library *:* CIL module *
 0003:0000189c       _ghLangInst                1001889c     * CIL library *:* CIL module *
 0003:00001954       _g_dwInstanceCounter       10018954     * CIL library *:* CIL module *
 0003:000019cc       _g_hInstVciNplLib          100189cc     * CIL library *:* CIL module *
 0003:00001a08       _sg_ListDIL_MSG_TYPE       10018a08     * CIL library *:* CIL module *
 0003:00001af8       _allocator_arg             10018af8     * CIL library *:* CIL module *
 0003:00001af9       _piecewise_construct       10018af9     * CIL library *:* CIL module *
 0003:00001afa       _allocator_arg             10018afa     * CIL library *:* CIL module *
 0003:00001afb       _piecewise_construct       10018afb     * CIL library *:* CIL module *
 0003:00001afc       _allocator_arg             10018afc     * CIL library *:* CIL module *
 0003:00001afd       _piecewise_construct       10018afd     * CIL library *:* CIL module *
 0003:00001afe       _allocator_arg             10018afe     * CIL library *:* CIL module *
 0003:00001aff       _piecewise_construct       10018aff     * CIL library *:* CIL module *
 0003:00001bc4       _allocator_arg             10018bc4     * CIL library *:* CIL module *
 0003:00001bc5       _piecewise_construct       10018bc5     * CIL library *:* CIL module *
 0003:00001bc6       _allocator_arg             10018bc6     * CIL library *:* CIL module *
 0003:00001bc7       _piecewise_construct       10018bc7     * CIL library *:* CIL module *
 0003:00001bc8       _sg_ListDIL_MSG_TYPE       10018bc8     * CIL library *:* CIL module *
 0003:00001cb8       _sg_ListDIL_MSG_TYPE       10018cb8     * CIL library *:* CIL module *
 0003:00001da8       _sg_ListDIL_MSG_TYPE       10018da8     * CIL library *:* CIL module *
 0003:00001e98       _sg_ListDIL_MSG_TYPE       10018e98     * CIL library *:* CIL module *
 0003:00001f88       _sg_ListDIL_MSG_TYPE       10018f88     * CIL library *:* CIL module *
 0003:00002078       _allocator_arg             10019078     * CIL library *:* CIL module *
 0003:00002079       _piecewise_construct       10019079     * CIL library *:* CIL module *
 0003:0000207a       _allocator_arg             1001907a     * CIL library *:* CIL module *
 0003:0000207b       _piecewise_construct       1001907b     * CIL library *:* CIL module *
 0003:00002080       _sg_ListDIL_MSG_TYPE       10019080     * CIL library *:* CIL module *
 0004:00000190       $R000000                   1001a190     CAN_IXXAT_VCI.res
 0004:000004f0       $R000360                   1001a4f0     CAN_IXXAT_VCI.res
 0004:000007e0       $R000650                   1001a7e0     CAN_IXXAT_VCI.res
 0004:000008b0       $R000720                   1001a8b0     CAN_IXXAT_VCI.res
 0004:00000d18       $R000B88                   1001ad18     CAN_IXXAT_VCI.res
 0004:00000ed8       $R000D48                   1001aed8     CAN_IXXAT_VCI.res
